/storage/emulated/0/DifferenceEngine/Repository/Entities
/storage/emulated/0/DifferenceEngine/Repository/Observations
/storage/emulated/0/DifferenceEngine/Repository/Patterns
/storage/emulated/0/DifferenceEngine/Repository/Preservation
/storage/emulated/0/DifferenceEngine/Repository/Publications
/storage/emulated/0/DifferenceEngine/Repository/Relationships
/storage/emulated/0/DifferenceEngine/Repository/Specifications
/storage/emulated/0/DifferenceEngine/Repository/Validation
/storage/emulated/0/DifferenceEngine/ade/cli
/storage/emulated/0/DifferenceEngine/ade/distribution
/storage/emulated/0/DifferenceEngine/ade/ingestion
/storage/emulated/0/DifferenceEngine/ade/objects
/storage/emulated/0/DifferenceEngine/ade/publication
/storage/emulated/0/DifferenceEngine/ade/schema
/storage/emulated/0/DifferenceEngine/ade/services
/storage/emulated/0/DifferenceEngine/ade/tests
/storage/emulated/0/DifferenceEngine/ade/validation
/storage/emulated/0/DifferenceEngine/ade/workflows
/storage/emulated/0/DifferenceEngine/docs
/storage/emulated/0/DifferenceEngine/scripts/reconciliation/ONLY_DE.report
/storage/emulated/0/DifferenceEngine/scripts/reconciliation/ONLY_FLU.report
/storage/emulated/0/DifferenceEngine/scripts/reconciliation/ONLY_IN.report
/storage/emulated/0/DifferenceEngine/scripts/lib
/storage/emulated/0/DifferenceEngine/Phylactery
/storage/emulated/0/DifferenceEngine/MemoryPalace
/storage/emulated/0/DifferenceEngine/{
/storage/emulated/0/DifferenceEngine/archives
/storage/emulated/0/DifferenceEngine/evidence
/storage/emulated/0/DifferenceEngine/inventory/reports/ade_de_dirs.lst
/storage/emulated/0/DifferenceEngine/inventory/reconciliation/common.files
/storage/emulated/0/DifferenceEngine/inventory/reconciliation/ONLY_IN.report
/storage/emulated/0/DifferenceEngine/inventory/reconciliation/ONLY_DE.report
/storage/emulated/0/DifferenceEngine/inventory/reconciliation/ONLY_FLU.report
/storage/emulated/0/DifferenceEngine/inventory/reconciliation/EMPTY_OBJECTS.lst
/storage/emulated/0/DifferenceEngine/specifications/repository
/storage/emulated/0/DifferenceEngine/specifications/parser
/storage/emulated/0/DifferenceEngine/specifications/artifacts
/storage/emulated/0/DifferenceEngine/stewards
/storage/emulated/0/DifferenceEngine/tools
/storage/emulated/0/DifferenceEngine/workspace/operational/history
/storage/emulated/0/DifferenceEngine/queue/active
/storage/emulated/0/DifferenceEngine/queue/blocked
/storage/emulated/0/DifferenceEngine/queue/discussion
/storage/emulated/0/DifferenceEngine/queue/implementation
/storage/emulated/0/DifferenceEngine/queue/ingestion
/storage/emulated/0/DifferenceEngine/queue/review
/storage/emulated/0/DifferenceEngine/queue/roadmap
/storage/emulated/0/DifferenceEngine/queue/research
/storage/emulated/0/DifferenceEngine/queue/someday
/storage/emulated/0/DifferenceEngine/queue/archive
/storage/emulated/0/DifferenceEngine/standards/v1/ARTIFACT_STANDARD_v1.0.md
/storage/emulated/0/DifferenceEngine/standards/v1/HEADER_STANDARD_v1.0.md
/storage/emulated/0/DifferenceEngine/standards/v1/QUEUE_STANDARD_v1.0.md
/storage/emulated/0/DifferenceEngine/standards/v1/ROUTING_STANDARD_v1.0.md
/storage/emulated/0/DifferenceEngine/standards/v1/IDENTIFIER_STANDARD_v1.0.md
/storage/emulated/0/DifferenceEngine/standards/v1/MARKDOWN_STANDARD_v1.0.md
/storage/emulated/0/DifferenceEngine/standards/v1/REPOSITORY_LAYOUT_STANDARD_v1.0.md
/storage/emulated/0/DifferenceEngine/standards/v1/TERMUX_OPERATOR_STANDARD_v1.0.md
/storage/emulated/0/DifferenceEngine/standards/vi
/storage/emulated/0/DifferenceEngine/architecture/parser/PARSER_ARCHITECTURE_v1.md
/storage/emulated/0/DifferenceEngine/architecture/formatter/UNIVERSAL_FORMATTER_ARCHITECTURE_v1.md
/storage/emulated/0/DifferenceEngine/architecture/artifacterator/UNIVERSAL_ARTIFACTERATOR_ARCHITECTURE_v1.md
/storage/emulated/0/DifferenceEngine/logs/sessions
/storage/emulated/0/DifferenceEngine/logs/operations
/storage/emulated/0/DifferenceEngine/logs/reconciliation
