ANDROID_ART_ROOT=/apex/com.android.art
ANDROID_ASSETS=/system/app
ANDROID_DATA=/data
ANDROID_I18N_ROOT=/apex/com.android.i18n
ANDROID_ROOT=/system
ANDROID_STORAGE=/storage
ANDROID_TZDATA_ROOT=/apex/com.android.tzdata
ASEC_MOUNTPOINT=/mnt/asec
BOOTCLASSPATH=/apex/com.android.art/javalib/core-oj.jar:/apex/com.android.art/javalib/core-libart.jar:/apex/com.android.art/javalib/core-icu4j.jar:/apex/com.android.art/javalib/okhttp.jar:/apex/com.android.art/javalib/bouncycastle.jar:/apex/com.android.art/javalib/apache-xml.jar:/system/framework/framework.jar:/system/framework/ext.jar:/system/framework/telephony-common.jar:/system/framework/voip-common.jar:/system/framework/ims-common.jar:/system/framework/framework-atb-backward-compatibility.jar:/system/framework/tcmiface.jar:/system/framework/qcom.fmradio.jar:/system/framework/QPerformance.jar:/system/framework/UxPerformance.jar:/system/framework/WfdCommon.jar:/system/framework/moto-echolocateapi.jar:/system/framework/payjoy-api.jar:/apex/com.android.conscrypt/javalib/conscrypt.jar:/apex/com.android.media/javalib/updatable-media.jar:/apex/com.android.mediaprovider/javalib/framework-mediaprovider.jar:/apex/com.android.os.statsd/javalib/framework-statsd.jar:/apex/com.android.permission/javalib/framework-permission.jar:/apex/com.android.sdkext/javalib/framework-sdkextensions.jar:/apex/com.android.wifi/javalib/framework-wifi.jar:/apex/com.android.tethering/javalib/framework-tethering.jar
COLORTERM=truecolor
DEX2OATBOOTCLASSPATH=/apex/com.android.art/javalib/core-oj.jar:/apex/com.android.art/javalib/core-libart.jar:/apex/com.android.art/javalib/core-icu4j.jar:/apex/com.android.art/javalib/okhttp.jar:/apex/com.android.art/javalib/bouncycastle.jar:/apex/com.android.art/javalib/apache-xml.jar:/system/framework/framework.jar:/system/framework/ext.jar:/system/framework/telephony-common.jar:/system/framework/voip-common.jar:/system/framework/ims-common.jar:/system/framework/framework-atb-backward-compatibility.jar:/system/framework/tcmiface.jar:/system/framework/qcom.fmradio.jar:/system/framework/QPerformance.jar:/system/framework/UxPerformance.jar:/system/framework/WfdCommon.jar:/system/framework/moto-echolocateapi.jar:/system/framework/payjoy-api.jar
EXTERNAL_STORAGE=/sdcard
HISTCONTROL=ignoreboth
HOME=/data/data/com.termux/files/home
LANG=en_US.UTF-8
LD_PRELOAD=/data/data/com.termux/files/usr/lib/libtermux-exec.so
OLDPWD=/storage/emulated/0/DifferenceEngine/inventory/reconciliation
PATH=/data/data/com.termux/files/usr/bin:/product/bin:/apex/com.android.runtime/bin:/apex/com.android.art/bin:/system_ext/bin:/system/bin:/system/xbin:/odm/bin:/vendor/bin:/vendor/xbin
PREFIX=/data/data/com.termux/files/usr
PWD=/storage/emulated/0/DifferenceEngine/inventory/reconciliation
SHELL=/data/data/com.termux/files/usr/bin/bash
SHLVL=1
SYSTEMSERVERCLASSPATH=/system/framework/com.android.location.provider.jar:/system/framework/services.jar:/system/framework/ethernet-service.jar:/system/framework/moto-telephony.jar:/system/framework/moto-core_services.jar:/system/framework/moto-settings.jar:/apex/com.android.permission/javalib/service-permission.jar:/apex/com.android.ipsec/javalib/android.net.ipsec.ike.jar
TERM=xterm-256color
TERMUX_EXEC__PROC_SELF_EXE=/data/data/com.termux/files/usr/bin/env
TERMUX_VERSION=googleplay.2026.06.21
TMP=/data/data/com.termux/files/usr/tmp
TMPDIR=/data/data/com.termux/files/usr/tmp
_=/data/data/com.termux/files/usr/bin/env
