/storage/emulated/0/DifferenceEngine/Repository/Governance/amendments.md
/storage/emulated/0/DifferenceEngine/Repository/Governance/bootstrap.md
/storage/emulated/0/DifferenceEngine/Repository/Governance/constitution.md
/storage/emulated/0/DifferenceEngine/ade/kernel/bootstrap_loader/__init__.py
/storage/emulated/0/DifferenceEngine/ade/kernel/bootstrap_loader/__main__.py
/storage/emulated/0/DifferenceEngine/ade/kernel/bootstrap_loader/__pycache__/__init__.cpython-313.pyc
/storage/emulated/0/DifferenceEngine/ade/kernel/bootstrap_loader/__pycache__/__main__.cpython-313.pyc
/storage/emulated/0/DifferenceEngine/ade/kernel/bootstrap_loader/__pycache__/artifacts.cpython-313.pyc
/storage/emulated/0/DifferenceEngine/ade/kernel/bootstrap_loader/__pycache__/bootstrap.cpython-313.pyc
/storage/emulated/0/DifferenceEngine/ade/kernel/bootstrap_loader/__pycache__/config.cpython-313.pyc
/storage/emulated/0/DifferenceEngine/ade/kernel/bootstrap_loader/__pycache__/constants.cpython-313.pyc
/storage/emulated/0/DifferenceEngine/ade/kernel/bootstrap_loader/__pycache__/context.cpython-313.pyc
/storage/emulated/0/DifferenceEngine/ade/kernel/bootstrap_loader/__pycache__/contracts.cpython-313.pyc
/storage/emulated/0/DifferenceEngine/ade/kernel/bootstrap_loader/__pycache__/discover.cpython-313.pyc
/storage/emulated/0/DifferenceEngine/ade/kernel/bootstrap_loader/__pycache__/errors.cpython-313.pyc
/storage/emulated/0/DifferenceEngine/ade/kernel/bootstrap_loader/__pycache__/execution.cpython-313.pyc
/storage/emulated/0/DifferenceEngine/ade/kernel/bootstrap_loader/__pycache__/filesystem.cpython-313.pyc
/storage/emulated/0/DifferenceEngine/ade/kernel/bootstrap_loader/__pycache__/governance.cpython-313.pyc
/storage/emulated/0/DifferenceEngine/ade/kernel/bootstrap_loader/__pycache__/health.cpython-313.pyc
/storage/emulated/0/DifferenceEngine/ade/kernel/bootstrap_loader/__pycache__/loader.cpython-313.pyc
/storage/emulated/0/DifferenceEngine/ade/kernel/bootstrap_loader/__pycache__/logging.cpython-313.pyc
/storage/emulated/0/DifferenceEngine/ade/kernel/bootstrap_loader/__pycache__/main.cpython-313.pyc
/storage/emulated/0/DifferenceEngine/ade/kernel/bootstrap_loader/__pycache__/mission.cpython-313.pyc
/storage/emulated/0/DifferenceEngine/ade/kernel/bootstrap_loader/__pycache__/models.cpython-313.pyc
/storage/emulated/0/DifferenceEngine/ade/kernel/bootstrap_loader/__pycache__/modes.cpython-313.pyc
/storage/emulated/0/DifferenceEngine/ade/kernel/bootstrap_loader/__pycache__/paths.cpython-313.pyc
/storage/emulated/0/DifferenceEngine/ade/kernel/bootstrap_loader/__pycache__/queue.cpython-313.pyc
/storage/emulated/0/DifferenceEngine/ade/kernel/bootstrap_loader/__pycache__/readiness.cpython-313.pyc
/storage/emulated/0/DifferenceEngine/ade/kernel/bootstrap_loader/__pycache__/recovery.cpython-313.pyc
/storage/emulated/0/DifferenceEngine/ade/kernel/bootstrap_loader/__pycache__/result.cpython-313.pyc
/storage/emulated/0/DifferenceEngine/ade/kernel/bootstrap_loader/__pycache__/specifications.cpython-313.pyc
/storage/emulated/0/DifferenceEngine/ade/kernel/bootstrap_loader/__pycache__/state.cpython-313.pyc
/storage/emulated/0/DifferenceEngine/ade/kernel/bootstrap_loader/__pycache__/task.cpython-313.pyc
/storage/emulated/0/DifferenceEngine/ade/kernel/bootstrap_loader/__pycache__/validators.cpython-313.pyc
/storage/emulated/0/DifferenceEngine/ade/kernel/bootstrap_loader/__pycache__/version.cpython-313.pyc
/storage/emulated/0/DifferenceEngine/ade/kernel/bootstrap_loader/artifacts.py
/storage/emulated/0/DifferenceEngine/ade/kernel/bootstrap_loader/bootstrap.py
/storage/emulated/0/DifferenceEngine/ade/kernel/bootstrap_loader/config.py
/storage/emulated/0/DifferenceEngine/ade/kernel/bootstrap_loader/constants.py
/storage/emulated/0/DifferenceEngine/ade/kernel/bootstrap_loader/context.py
/storage/emulated/0/DifferenceEngine/ade/kernel/bootstrap_loader/contracts.py
/storage/emulated/0/DifferenceEngine/ade/kernel/bootstrap_loader/discover.py
/storage/emulated/0/DifferenceEngine/ade/kernel/bootstrap_loader/errors.py
/storage/emulated/0/DifferenceEngine/ade/kernel/bootstrap_loader/execution.py
/storage/emulated/0/DifferenceEngine/ade/kernel/bootstrap_loader/filesystem.py
/storage/emulated/0/DifferenceEngine/ade/kernel/bootstrap_loader/governance.py
/storage/emulated/0/DifferenceEngine/ade/kernel/bootstrap_loader/health.py
/storage/emulated/0/DifferenceEngine/ade/kernel/bootstrap_loader/loader.py
/storage/emulated/0/DifferenceEngine/ade/kernel/bootstrap_loader/logging.py
/storage/emulated/0/DifferenceEngine/ade/kernel/bootstrap_loader/main.py
/storage/emulated/0/DifferenceEngine/ade/kernel/bootstrap_loader/mission.py
/storage/emulated/0/DifferenceEngine/ade/kernel/bootstrap_loader/models.py
/storage/emulated/0/DifferenceEngine/ade/kernel/bootstrap_loader/modes.py
/storage/emulated/0/DifferenceEngine/ade/kernel/bootstrap_loader/paths.py
/storage/emulated/0/DifferenceEngine/ade/kernel/bootstrap_loader/queue.py
/storage/emulated/0/DifferenceEngine/ade/kernel/bootstrap_loader/readiness.py
/storage/emulated/0/DifferenceEngine/ade/kernel/bootstrap_loader/recovery.py
/storage/emulated/0/DifferenceEngine/ade/kernel/bootstrap_loader/result.py
/storage/emulated/0/DifferenceEngine/ade/kernel/bootstrap_loader/specifications.py
/storage/emulated/0/DifferenceEngine/ade/kernel/bootstrap_loader/state.py
/storage/emulated/0/DifferenceEngine/ade/kernel/bootstrap_loader/task.py
/storage/emulated/0/DifferenceEngine/ade/kernel/bootstrap_loader/validators.py
/storage/emulated/0/DifferenceEngine/ade/kernel/bootstrap_loader/version.py
/storage/emulated/0/DifferenceEngine/ade/kernel/tests/__pycache__/test_bootstrap_loader.cpython-313.pyc
/storage/emulated/0/DifferenceEngine/ade/kernel/tests/test_bootstrap_loader.py
/storage/emulated/0/DifferenceEngine/architecture/PROCESSING_PIPELINE_v1.md
/storage/emulated/0/DifferenceEngine/architecture/artifacterator/UNIVERSAL_ARTIFACTERATOR_ARCHITECTURE_v1.md
/storage/emulated/0/DifferenceEngine/architecture/bootstrap_loader/BOOTSTRAP_LOADER_API_v1.md
/storage/emulated/0/DifferenceEngine/architecture/bootstrap_loader/BOOTSTRAP_LOADER_CONFIGURATION_v1.md
/storage/emulated/0/DifferenceEngine/architecture/bootstrap_loader/BOOTSTRAP_LOADER_CONTRACT_v1.md
/storage/emulated/0/DifferenceEngine/architecture/bootstrap_loader/BOOTSTRAP_LOADER_DEPENDENCIES_v1.md
/storage/emulated/0/DifferenceEngine/architecture/bootstrap_loader/BOOTSTRAP_LOADER_DISCOVERY_v1.md
/storage/emulated/0/DifferenceEngine/architecture/bootstrap_loader/BOOTSTRAP_LOADER_ERRORS_v1.md
/storage/emulated/0/DifferenceEngine/architecture/bootstrap_loader/BOOTSTRAP_LOADER_FILE_LAYOUT_v1.md
/storage/emulated/0/DifferenceEngine/architecture/bootstrap_loader/BOOTSTRAP_LOADER_GLOSSARY_v1.md
/storage/emulated/0/DifferenceEngine/architecture/bootstrap_loader/BOOTSTRAP_LOADER_IMPLEMENTATION_PLAN_v1.md
/storage/emulated/0/DifferenceEngine/architecture/bootstrap_loader/BOOTSTRAP_LOADER_INTERFACE_v1.md
/storage/emulated/0/DifferenceEngine/architecture/bootstrap_loader/BOOTSTRAP_LOADER_LIFECYCLE_v1.md
/storage/emulated/0/DifferenceEngine/architecture/bootstrap_loader/BOOTSTRAP_LOADER_MODULES_v1.md
/storage/emulated/0/DifferenceEngine/architecture/bootstrap_loader/BOOTSTRAP_LOADER_OUTPUT_v1.md
/storage/emulated/0/DifferenceEngine/architecture/bootstrap_loader/BOOTSTRAP_LOADER_PSEUDOCODE_v1.md
/storage/emulated/0/DifferenceEngine/architecture/bootstrap_loader/BOOTSTRAP_LOADER_PYTHON_MAPPING_v1.md
/storage/emulated/0/DifferenceEngine/architecture/bootstrap_loader/BOOTSTRAP_LOADER_SEQUENCE_v1.md
/storage/emulated/0/DifferenceEngine/architecture/bootstrap_loader/BOOTSTRAP_LOADER_SPECIFICATION_v1.md
/storage/emulated/0/DifferenceEngine/architecture/bootstrap_loader/BOOTSTRAP_LOADER_STATE_MACHINE_v1.md
/storage/emulated/0/DifferenceEngine/architecture/bootstrap_loader/BOOTSTRAP_LOADER_TEST_PLAN_v1.md
/storage/emulated/0/DifferenceEngine/architecture/bootstrap_loader/BOOTSTRAP_LOADER_WORKFLOW_v1.md
/storage/emulated/0/DifferenceEngine/architecture/bootstrap_loader/README.md
/storage/emulated/0/DifferenceEngine/architecture/formatter/UNIVERSAL_FORMATTER_ARCHITECTURE_v1.md
/storage/emulated/0/DifferenceEngine/architecture/parser/PARSER_ARCHITECTURE_v1.md
/storage/emulated/0/DifferenceEngine/inventory/directory_tree.txt
/storage/emulated/0/DifferenceEngine/inventory/directory_tree_pretty.txt
/storage/emulated/0/DifferenceEngine/inventory/file_tree.txt
/storage/emulated/0/DifferenceEngine/inventory/history/TREE_HASH_20260802_231202.sha256
/storage/emulated/0/DifferenceEngine/inventory/history/TREE_HASH_20260802_231526.sha256
/storage/emulated/0/DifferenceEngine/inventory/history/TREE_HASH_20260802_231731.sha256
/storage/emulated/0/DifferenceEngine/inventory/reconciliation/CANONICAL_RECONCILIATION_STATUS.md
/storage/emulated/0/DifferenceEngine/inventory/reconciliation/COMMON.hashes
/storage/emulated/0/DifferenceEngine/inventory/reconciliation/DE.dirs
/storage/emulated/0/DifferenceEngine/inventory/reconciliation/DE.hashes
/storage/emulated/0/DifferenceEngine/inventory/reconciliation/DE.paths
/storage/emulated/0/DifferenceEngine/inventory/reconciliation/DE.relative
/storage/emulated/0/DifferenceEngine/inventory/reconciliation/DE.relative.dirs
/storage/emulated/0/DifferenceEngine/inventory/reconciliation/DE.sha256
/storage/emulated/0/DifferenceEngine/inventory/reconciliation/DE_ONLY.hashes
/storage/emulated/0/DifferenceEngine/inventory/reconciliation/DE_only.files
/storage/emulated/0/DifferenceEngine/inventory/reconciliation/DIFFERING_FILES.report
/storage/emulated/0/DifferenceEngine/inventory/reconciliation/DIRECTORY_DRIFT.dirs
/storage/emulated/0/DifferenceEngine/inventory/reconciliation/DIRECTORY_MANIFEST.lst
/storage/emulated/0/DifferenceEngine/inventory/reconciliation/DRIFT_POLICY.md
/storage/emulated/0/DifferenceEngine/inventory/reconciliation/DifferenceEngine.files
/storage/emulated/0/DifferenceEngine/inventory/reconciliation/EMPTY_OBJECTS.lst
/storage/emulated/0/DifferenceEngine/inventory/reconciliation/FILE_LIBRARY_UPLOADS.files
/storage/emulated/0/DifferenceEngine/inventory/reconciliation/FILE_MANIFEST.tsv
/storage/emulated/0/DifferenceEngine/inventory/reconciliation/FILE_PAIR_INDEX.report
/storage/emulated/0/DifferenceEngine/inventory/reconciliation/FLU.dirs
/storage/emulated/0/DifferenceEngine/inventory/reconciliation/FLU.hashes
/storage/emulated/0/DifferenceEngine/inventory/reconciliation/FLU.paths
/storage/emulated/0/DifferenceEngine/inventory/reconciliation/FLU.relative
/storage/emulated/0/DifferenceEngine/inventory/reconciliation/FLU.relative.dirs
/storage/emulated/0/DifferenceEngine/inventory/reconciliation/FLU.sha256
/storage/emulated/0/DifferenceEngine/inventory/reconciliation/FLU_ONLY.hashes
/storage/emulated/0/DifferenceEngine/inventory/reconciliation/FLU_only.files
/storage/emulated/0/DifferenceEngine/inventory/reconciliation/FULL_HASH_MANIFEST.sha256
/storage/emulated/0/DifferenceEngine/inventory/reconciliation/LEFT_FILES.report
/storage/emulated/0/DifferenceEngine/inventory/reconciliation/LOCATION_DRIFT.files
/storage/emulated/0/DifferenceEngine/inventory/reconciliation/MATCHING_HASHES.report
/storage/emulated/0/DifferenceEngine/inventory/reconciliation/MISSION.md
/storage/emulated/0/DifferenceEngine/inventory/reconciliation/ONLY_DE.report
/storage/emulated/0/DifferenceEngine/inventory/reconciliation/ONLY_FLU.report
/storage/emulated/0/DifferenceEngine/inventory/reconciliation/ONLY_IN.report
/storage/emulated/0/DifferenceEngine/inventory/reconciliation/PATH_DRIFT.diff
/storage/emulated/0/DifferenceEngine/inventory/reconciliation/RECONCILIATION_NEXT_ACTIONS.md
/storage/emulated/0/DifferenceEngine/inventory/reconciliation/REPOSITORY.diff
/storage/emulated/0/DifferenceEngine/inventory/reconciliation/REPOSITORY_SNAPSHOT.md
/storage/emulated/0/DifferenceEngine/inventory/reconciliation/REPOSITORY_STATISTICS.md
/storage/emulated/0/DifferenceEngine/inventory/reconciliation/RIGHT_FILES.report
/storage/emulated/0/DifferenceEngine/inventory/reconciliation/RUN_METADATA.md
/storage/emulated/0/DifferenceEngine/inventory/reconciliation/TREE_HASH.sha256
/storage/emulated/0/DifferenceEngine/inventory/reconciliation/TREE_HISTORY.lst
/storage/emulated/0/DifferenceEngine/inventory/reconciliation/TREE_SNAPSHOT.txt
/storage/emulated/0/DifferenceEngine/inventory/reconciliation/common.files
/storage/emulated/0/DifferenceEngine/inventory/reconciliation/directories.lst
/storage/emulated/0/DifferenceEngine/inventory/reconciliation/files.lst
/storage/emulated/0/DifferenceEngine/inventory/reports/MISSING_DIRECTORY_RECONCILIATION.md
/storage/emulated/0/DifferenceEngine/inventory/reports/MISSION_001A_REPOSITORY_RECONCILIATION_REPORT.md
/storage/emulated/0/DifferenceEngine/inventory/reports/ade_de_dirs.lst
/storage/emulated/0/DifferenceEngine/inventory/reports/ade_dirs.lst
/storage/emulated/0/DifferenceEngine/inventory/repository_tree_pretty.txt
/storage/emulated/0/DifferenceEngine/queue/completed/Q-001A-REPOSITORY-RECONCILIATION.md
/storage/emulated/0/DifferenceEngine/scripts/reconciliation/DIFFERING_FILES.report
/storage/emulated/0/DifferenceEngine/scripts/reconciliation/FILE_PAIR_INDEX.report
/storage/emulated/0/DifferenceEngine/scripts/reconciliation/LEFT_FILES.report
/storage/emulated/0/DifferenceEngine/scripts/reconciliation/MATCHING_HASHES.report
/storage/emulated/0/DifferenceEngine/scripts/reconciliation/ONLY_DE.report
/storage/emulated/0/DifferenceEngine/scripts/reconciliation/ONLY_FLU.report
/storage/emulated/0/DifferenceEngine/scripts/reconciliation/ONLY_IN.report
/storage/emulated/0/DifferenceEngine/scripts/reconciliation/PATH_DRIFT.diff
/storage/emulated/0/DifferenceEngine/scripts/reconciliation/README.md
/storage/emulated/0/DifferenceEngine/scripts/reconciliation/REPOSITORY.diff
/storage/emulated/0/DifferenceEngine/scripts/reconciliation/RIGHT_FILES.report
/storage/emulated/0/DifferenceEngine/scripts/reconciliation/reconcile.sh
/storage/emulated/0/DifferenceEngine/standards/v1/ARTIFACT_STANDARD_v1.0.md
/storage/emulated/0/DifferenceEngine/standards/v1/HEADER_STANDARD_v1.0.md
/storage/emulated/0/DifferenceEngine/standards/v1/IDENTIFIER_STANDARD_v1.0.md
/storage/emulated/0/DifferenceEngine/standards/v1/MARKDOWN_STANDARD_v1.0.md
/storage/emulated/0/DifferenceEngine/standards/v1/QUEUE_STANDARD_v1.0.md
/storage/emulated/0/DifferenceEngine/standards/v1/REPOSITORY_LAYOUT_STANDARD_v1.0.md
/storage/emulated/0/DifferenceEngine/standards/v1/REPOSITORY_STANDARD_v1.0.md
/storage/emulated/0/DifferenceEngine/standards/v1/ROUTING_STANDARD_v1.0.md
/storage/emulated/0/DifferenceEngine/standards/v1/TERMUX_OPERATOR_STANDARD_v1.0.md
/storage/emulated/0/DifferenceEngine/standards/v1/supporting/STANDARDS_HANDOFF.md
/storage/emulated/0/DifferenceEngine/workspace/operational/Continue DifferenceEngine.md
/storage/emulated/0/DifferenceEngine/workspace/operational/bootstrap/BOOTSTRAP.md
/storage/emulated/0/DifferenceEngine/workspace/operational/bootstrap/INITIALIZATION_ORDER.md
/storage/emulated/0/DifferenceEngine/workspace/operational/current/COMPLETED_TASK_BLOCK.md
/storage/emulated/0/DifferenceEngine/workspace/operational/current/MISSION.md
/storage/emulated/0/DifferenceEngine/workspace/operational/current/NEXT_COMMAND_BLOCK.md
/storage/emulated/0/DifferenceEngine/workspace/operational/current/NEXT_MISSION.md
/storage/emulated/0/DifferenceEngine/workspace/operational/current/OPERATIONAL_LAWS.md
/storage/emulated/0/DifferenceEngine/workspace/operational/current/QUEUE.md
/storage/emulated/0/DifferenceEngine/workspace/operational/current/REPOSITORY_STATE.md
/storage/emulated/0/DifferenceEngine/workspace/operational/current/RESUME.md
/storage/emulated/0/DifferenceEngine/workspace/operational/current/WORKFLOW.md
/storage/emulated/0/DifferenceEngine/workspace/operational/preservation/PP-0001.md
