Listing...
apt/stable,now 3.1.15 aarch64 [installed]
bash/stable,now 5.3.9 aarch64 [installed]
ca-certificates/stable,now 1:2026.05.14 all [installed]
clang/stable,now 21.1.8-2 aarch64 [installed,automatic]
command-not-found/stable,now 3.4.1-15 aarch64 [installed]
coreutils/now 9.11 aarch64 [installed,upgradable to: 9.11-1]
curl/now 8.20.0 aarch64 [installed,upgradable to: 8.21.0]
dash/stable,now 0.5.12-2 aarch64 [installed]
debianutils/stable,now 5.23.2-1 aarch64 [installed]
diffutils/stable,now 3.12-2 aarch64 [installed]
dos2unix/stable,now 7.5.6 aarch64 [installed]
dpkg/stable,now 1.22.6-5 aarch64 [installed]
ed/stable,now 1.22.5 aarch64 [installed]
findutils/stable,now 4.10.0-1 aarch64 [installed]
gawk/stable,now 5.3.2 aarch64 [installed]
gdbm/stable,now 1.26-1 aarch64 [installed,automatic]
gh/stable,now 2.95.0 aarch64 [installed]
git/stable,now 2.54.0 aarch64 [installed]
glib/stable,now 2.88.1 aarch64 [installed,automatic]
gpgv/stable,now 2.5.17 aarch64 [installed]
grep/stable,now 3.12-3 aarch64 [installed]
inetutils/stable,now 2.7 aarch64 [installed]
krb5/stable,now 1.22.2 aarch64 [installed,automatic]
ldns/stable,now 1.8.4-1 aarch64 [installed,automatic]
less/now 702 aarch64 [installed,upgradable to: 704]
libandroid-glob/stable,now 0.7-1 aarch64 [installed]
libandroid-posix-semaphore/stable,now 0.1-4 aarch64 [installed]
libandroid-selinux/stable,now 14.0.0.11-1 aarch64 [installed]
libandroid-support/stable,now 28 aarch64 [installed]
libassuan/stable,now 3.0.2-1 aarch64 [installed]
libbz2/stable,now 1.0.8-8 aarch64 [installed]
libc++/stable,now 29 aarch64 [installed]
libcap-ng/stable,now 2:0.9.3 aarch64 [installed]
libcompiler-rt/stable,now 21.1.8-2 aarch64 [installed,automatic]
libcrypt/stable,now 0.2-6 aarch64 [installed,automatic]
libcurl/now 8.20.0 aarch64 [installed,upgradable to: 8.21.0]
libdb/stable,now 18.1.40-5 aarch64 [installed,automatic]
libedit/stable,now 20240517-3.1-1 aarch64 [installed,automatic]
libexpat/stable,now 2.8.1 aarch64 [installed,automatic]
libffi/stable,now 3.5.2 aarch64 [installed,automatic]
libgcrypt/stable,now 1.11.2-1 aarch64 [installed]
libgmp/stable,now 6.3.0-2 aarch64 [installed]
libgpg-error/stable,now 1.58 aarch64 [installed]
libiconv/stable,now 1.18-1 aarch64 [installed]
libicu/stable,now 78.3 aarch64 [installed,automatic]
libllvm/stable,now 21.1.8-2 aarch64 [installed,automatic]
liblzma/stable,now 5.8.3 aarch64 [installed]
libmd/stable,now 1.1.0-1 aarch64 [installed]
libmpfr/stable,now 4.2.1-1 aarch64 [installed]
libnghttp2/stable,now 1.69.0 aarch64 [installed]
libnghttp3/stable,now 1.16.0 aarch64 [installed]
libngtcp2/stable,now 1.23.0 aarch64 [installed]
libnpth/stable,now 1.6-3 aarch64 [installed]
libresolv-wrapper/stable,now 1.1.7-6 aarch64 [installed,automatic]
libsmartcols/now 2.42.1 aarch64 [installed,upgradable to: 2.42.1-2]
libsqlite/stable,now 3.53.2 aarch64 [installed,automatic]
libssh2/stable,now 1.11.1-1 aarch64 [installed]
libxml2/stable,now 2.15.3 aarch64 [installed,automatic]
lld/stable,now 21.1.8-2 aarch64 [installed,automatic]
llvm/stable,now 21.1.8-2 aarch64 [installed,automatic]
make/stable,now 4.4.1-1 aarch64 [installed,automatic]
nano/now 9.0 aarch64 [installed,upgradable to: 9.1]
ncurses-ui-libs/stable,now 6.6.20260307+really6.5.20250830 aarch64 [installed,automatic]
ncurses/stable,now 6.6.20260307+really6.5.20250830 aarch64 [installed]
ndk-sysroot/stable,now 29-2 aarch64 [installed,automatic]
net-tools/stable,now 2.10.0-1 aarch64 [installed]
openssh-sftp-server/stable,now 10.3p1-1 aarch64 [installed,automatic]
openssh/stable,now 10.3p1-1 aarch64 [installed,automatic]
openssl/stable,now 1:3.6.3 aarch64 [installed]
patch/stable,now 2.8-1 aarch64 [installed]
pcre2/stable,now 10.47 aarch64 [installed]
pkg-config/stable,now 0.29.2-3 aarch64 [installed,automatic]
procps/stable,now 3.3.17-6 aarch64 [installed]
psmisc/stable,now 23.7-1 aarch64 [installed]
python-ensurepip-wheels/stable,now 3.13.13-1 all [installed,automatic]
python-pip/stable,now 26.1.2 all [installed,automatic]
python/stable,now 3.13.13-1 aarch64 [installed]
readline/stable,now 8.3.3 aarch64 [installed]
resolv-conf/stable,now 1.3 aarch64 [installed,automatic]
sed/stable,now 4.9-2 aarch64 [installed]
tar/stable,now 1.35-2 aarch64 [installed]
termux-am/stable,now 0.8.0-2 all [installed]
termux-auth/stable,now 1.5.0-1 aarch64 [installed,automatic]
termux-exec/stable,now 1.9 aarch64 [installed]
termux-keyring/stable,now 3.15 all [installed]
termux-licenses/stable,now 2.1 all [installed]
termux-tools/stable,now 3.0.9 aarch64 [installed]
tree/stable,now 2.3.2 aarch64 [installed]
unzip/stable,now 6.0-10 aarch64 [installed]
util-linux/now 2.42.1 aarch64 [installed,upgradable to: 2.42.1-2]
xxhash/stable,now 0.8.3-1 aarch64 [installed]
zlib/stable,now 1.3.2 aarch64 [installed]
zstd/stable,now 1.5.7-1 aarch64 [installed,automatic]
