=== PHONE MTP EVACUATION ===
2026-08-07T19:38:17-05:00
DEST=/home/reckless-ideator/phone-evacuation/moto-g-power-2021/shared-critical

=== WAITING FOR MTP ===
attempt 01/60: waiting...
attempt 02/60: waiting...
attempt 03/60: waiting...
attempt 04/60: waiting...
attempt 05/60: waiting...
attempt 06/60: waiting...
attempt 07/60: waiting...
attempt 08/60: waiting...
attempt 09/60: waiting...
attempt 10/60: waiting...
attempt 11/60: waiting...
attempt 12/60: waiting...
attempt 13/60: waiting...
attempt 14/60: waiting...
attempt 15/60: waiting...
attempt 16/60: waiting...
attempt 17/60: waiting...
attempt 18/60: waiting...
attempt 19/60: waiting...
attempt 20/60: waiting...
attempt 21/60: waiting...
attempt 22/60: waiting...
attempt 23/60: waiting...
attempt 24/60: waiting...
attempt 25/60: waiting...
attempt 26/60: waiting...
attempt 27/60: waiting...
attempt 28/60: waiting...
attempt 29/60: waiting...
attempt 30/60: waiting...
attempt 31/60: waiting...
attempt 32/60: waiting...
attempt 33/60: waiting...
attempt 34/60: waiting...
attempt 35/60: waiting...
attempt 36/60: waiting...
attempt 37/60: waiting...
attempt 38/60: waiting...
attempt 39/60: waiting...
attempt 40/60: waiting...
attempt 41/60: waiting...
attempt 42/60: waiting...
attempt 43/60: waiting...
attempt 44/60: waiting...
attempt 45/60: waiting...
attempt 46/60: waiting...
attempt 47/60: waiting...
attempt 48/60: waiting...
attempt 49/60: waiting...
attempt 50/60: waiting...
attempt 51/60: waiting...
attempt 52/60: waiting...
attempt 53/60: waiting...
attempt 54/60: waiting...
attempt 55/60: waiting...
attempt 56/60: waiting...
attempt 57/60: waiting...
attempt 58/60: waiting...
attempt 59/60: waiting...
attempt 60/60: waiting...
FATAL: MTP mount did not appear.
