./.de/README.md
./.de/VERSION
./.de/index/README.md
./.de/registry/COMMANDS.lst
./.de/registry/PIPELINES.lst
./.githooks/pre-commit
./.githooks/pre-push
./.gitignore
./.gitinfo/README.md
./.gitinfo/branches.txt
./.gitinfo/config.txt
./.gitinfo/history/branches.txt
./.gitinfo/history/config.txt
./.gitinfo/history/remotes.txt
./.gitinfo/history/status.txt
./.gitinfo/remotes.txt
./.gitinfo/snapshots/gitinfo_20260802_235643.sha256
./.gitinfo/snapshots/gitinfo_20260802_235643.tar.gz
./.gitinfo/status.txt
./.meta/CANONICAL_DIRECTORY_INDEX.lst
./.meta/CANONICAL_FILE_INDEX.lst
./.meta/CANONICAL_INDEX.sha256
./.meta/LAST_RECONCILIATION.txt
./Repository/Governance/amendments.md
./Repository/Governance/bootstrap.md
./Repository/Governance/constitution.md
./ade/kernel/bootstrap_loader/__init__.py
./ade/kernel/bootstrap_loader/__main__.py
./ade/kernel/bootstrap_loader/artifacts.py
./ade/kernel/bootstrap_loader/bootstrap.py
./ade/kernel/bootstrap_loader/config.py
./ade/kernel/bootstrap_loader/constants.py
./ade/kernel/bootstrap_loader/context.py
./ade/kernel/bootstrap_loader/contracts.py
./ade/kernel/bootstrap_loader/discover.py
./ade/kernel/bootstrap_loader/drift.py
./ade/kernel/bootstrap_loader/errors.py
./ade/kernel/bootstrap_loader/execution.py
./ade/kernel/bootstrap_loader/filesystem.py
./ade/kernel/bootstrap_loader/governance.py
./ade/kernel/bootstrap_loader/health.py
./ade/kernel/bootstrap_loader/loader.py
./ade/kernel/bootstrap_loader/logging.py
./ade/kernel/bootstrap_loader/main.py
./ade/kernel/bootstrap_loader/mission.py
./ade/kernel/bootstrap_loader/models.py
./ade/kernel/bootstrap_loader/modes.py
./ade/kernel/bootstrap_loader/paths.py
./ade/kernel/bootstrap_loader/queue.py
./ade/kernel/bootstrap_loader/readiness.py
./ade/kernel/bootstrap_loader/recovery.py
./ade/kernel/bootstrap_loader/result.py
./ade/kernel/bootstrap_loader/specifications.py
./ade/kernel/bootstrap_loader/state.py
./ade/kernel/bootstrap_loader/task.py
./ade/kernel/bootstrap_loader/validators.py
./ade/kernel/bootstrap_loader/verifier.py
./ade/kernel/bootstrap_loader/version.py
./ade/kernel/tests/run_tests.py
./ade/kernel/tests/test_bootstrap_loader.py
./architecture/PROCESSING_PIPELINE_v1.md
./architecture/artifacterator/UNIVERSAL_ARTIFACTERATOR_ARCHITECTURE_v1.md
./architecture/bootstrap_loader/BOOTSTRAP_LOADER_API_v1.md
./architecture/bootstrap_loader/BOOTSTRAP_LOADER_CONFIGURATION_v1.md
./architecture/bootstrap_loader/BOOTSTRAP_LOADER_CONTRACT_v1.md
./architecture/bootstrap_loader/BOOTSTRAP_LOADER_DEPENDENCIES_v1.md
./architecture/bootstrap_loader/BOOTSTRAP_LOADER_DISCOVERY_v1.md
./architecture/bootstrap_loader/BOOTSTRAP_LOADER_ERRORS_v1.md
./architecture/bootstrap_loader/BOOTSTRAP_LOADER_FILE_LAYOUT_v1.md
./architecture/bootstrap_loader/BOOTSTRAP_LOADER_GLOSSARY_v1.md
./architecture/bootstrap_loader/BOOTSTRAP_LOADER_IMPLEMENTATION_PLAN_v1.md
./architecture/bootstrap_loader/BOOTSTRAP_LOADER_INTERFACE_v1.md
./architecture/bootstrap_loader/BOOTSTRAP_LOADER_LIFECYCLE_v1.md
./architecture/bootstrap_loader/BOOTSTRAP_LOADER_MODULES_v1.md
./architecture/bootstrap_loader/BOOTSTRAP_LOADER_OUTPUT_v1.md
./architecture/bootstrap_loader/BOOTSTRAP_LOADER_PSEUDOCODE_v1.md
./architecture/bootstrap_loader/BOOTSTRAP_LOADER_PYTHON_MAPPING_v1.md
./architecture/bootstrap_loader/BOOTSTRAP_LOADER_SEQUENCE_v1.md
./architecture/bootstrap_loader/BOOTSTRAP_LOADER_SPECIFICATION_v1.md
./architecture/bootstrap_loader/BOOTSTRAP_LOADER_STATE_MACHINE_v1.md
./architecture/bootstrap_loader/BOOTSTRAP_LOADER_TEST_PLAN_v1.md
./architecture/bootstrap_loader/BOOTSTRAP_LOADER_WORKFLOW_v1.md
./architecture/bootstrap_loader/README.md
./architecture/formatter/UNIVERSAL_FORMATTER_ARCHITECTURE_v1.md
./architecture/parser/PARSER_ARCHITECTURE_v1.md
./inventory/directory_tree.txt
./inventory/directory_tree_pretty.txt
./inventory/file_tree.txt
./inventory/history/TREE_HASH_20260802_231202.sha256
./inventory/history/TREE_HASH_20260802_231526.sha256
./inventory/history/TREE_HASH_20260802_231731.sha256
./inventory/history/TREE_HASH_20260802_232007.sha256
./inventory/reconciliation/CANONICAL_RECONCILIATION_STATUS.md
./inventory/reconciliation/COMMON.hashes
./inventory/reconciliation/DE.dirs
./inventory/reconciliation/DE.hashes
./inventory/reconciliation/DE.paths
./inventory/reconciliation/DE.relative
./inventory/reconciliation/DE.relative.dirs
./inventory/reconciliation/DE.sha256
./inventory/reconciliation/DE_ONLY.hashes
./inventory/reconciliation/DE_only.files
./inventory/reconciliation/DIFFERING_FILES.report
./inventory/reconciliation/DIRECTORY_DRIFT.dirs
./inventory/reconciliation/DIRECTORY_MANIFEST.lst
./inventory/reconciliation/DRIFT_POLICY.md
./inventory/reconciliation/DifferenceEngine.files
./inventory/reconciliation/EMPTY_OBJECTS.lst
./inventory/reconciliation/ENVIRONMENT.lst
./inventory/reconciliation/FILE_LIBRARY_UPLOADS.files
./inventory/reconciliation/FILE_MANIFEST.tsv
./inventory/reconciliation/FILE_PAIR_INDEX.report
./inventory/reconciliation/FLU.dirs
./inventory/reconciliation/FLU.hashes
./inventory/reconciliation/FLU.paths
./inventory/reconciliation/FLU.relative
./inventory/reconciliation/FLU.relative.dirs
./inventory/reconciliation/FLU.sha256
./inventory/reconciliation/FLU_ONLY.hashes
./inventory/reconciliation/FLU_only.files
./inventory/reconciliation/FULL_HASH_MANIFEST.sha256
./inventory/reconciliation/GH_AUTH_STATUS.txt
./inventory/reconciliation/GIT_CONFIG.lst
./inventory/reconciliation/LEFT_FILES.report
./inventory/reconciliation/LOCATION_DRIFT.files
./inventory/reconciliation/MATCHING_HASHES.report
./inventory/reconciliation/MISSION.md
./inventory/reconciliation/ONLY_DE.report
./inventory/reconciliation/ONLY_FLU.report
./inventory/reconciliation/ONLY_IN.report
./inventory/reconciliation/PACKAGES.lst
./inventory/reconciliation/PATH_DRIFT.diff
./inventory/reconciliation/RECONCILIATION_NEXT_ACTIONS.md
./inventory/reconciliation/REPOSITORY.diff
./inventory/reconciliation/REPOSITORY_SNAPSHOT.md
./inventory/reconciliation/REPOSITORY_STATISTICS.md
./inventory/reconciliation/RIGHT_FILES.report
./inventory/reconciliation/RUN_METADATA.md
./inventory/reconciliation/SYSTEM_INFO.txt
./inventory/reconciliation/TERMUX_INFO.txt
./inventory/reconciliation/TREE_HASH.sha256
./inventory/reconciliation/TREE_HISTORY.lst
./inventory/reconciliation/TREE_SNAPSHOT.txt
./inventory/reconciliation/common.files
./inventory/reconciliation/directories.lst
./inventory/reconciliation/files.lst
./inventory/reports/MISSING_DIRECTORY_RECONCILIATION.md
./inventory/reports/MISSION_001A_REPOSITORY_RECONCILIATION_REPORT.md
./inventory/reports/ade_de_dirs.lst
./inventory/reports/ade_dirs.lst
./inventory/repository_tree_pretty.txt
./logs/reconciliation/reconcile_20260802_232013.log
./queue/SIQ_GPT_PLUS_INTEGRATION.md
./queue/completed/Q-001A-REPOSITORY-RECONCILIATION.md
./scripts/reconciliation/DIFFERING_FILES.report
./scripts/reconciliation/FILE_PAIR_INDEX.report
./scripts/reconciliation/LEFT_FILES.report
./scripts/reconciliation/MATCHING_HASHES.report
./scripts/reconciliation/ONLY_DE.report
./scripts/reconciliation/ONLY_FLU.report
./scripts/reconciliation/ONLY_IN.report
./scripts/reconciliation/PATH_DRIFT.diff
./scripts/reconciliation/README.md
./scripts/reconciliation/REPOSITORY.diff
./scripts/reconciliation/RIGHT_FILES.report
./scripts/reconciliation/reconcile.sh
./standards/v1/ARTIFACT_STANDARD_v1.0.md
./standards/v1/HEADER_STANDARD_v1.0.md
./standards/v1/IDENTIFIER_STANDARD_v1.0.md
./standards/v1/MARKDOWN_STANDARD_v1.0.md
./standards/v1/QUEUE_STANDARD_v1.0.md
./standards/v1/REPOSITORY_LAYOUT_STANDARD_v1.0.md
./standards/v1/REPOSITORY_STANDARD_v1.0.md
./standards/v1/ROUTING_STANDARD_v1.0.md
./standards/v1/TERMUX_OPERATOR_STANDARD_v1.0.md
./standards/v1/supporting/STANDARDS_HANDOFF.md
./workspace/delete from de cgptfl.md
./workspace/operational/Continue DifferenceEngine.md
./workspace/operational/bootstrap/BOOTSTRAP.md
./workspace/operational/bootstrap/BOOTSTRAP_vNext.md
./workspace/operational/bootstrap/INITIALIZATION_ORDER.md
./workspace/operational/current/ACTIVE_MISSION.md
./workspace/operational/current/ACTIVE_TASK.md
./workspace/operational/current/COMPLETED_TASK_BLOCK.md
./workspace/operational/current/MISSION.md
./workspace/operational/current/NEXT_COMMAND_BLOCK.md
./workspace/operational/current/NEXT_MISSION.md
./workspace/operational/current/OPERATIONAL_LAWS.md
./workspace/operational/current/PHASE_1_COMPLETION_REPORT.md
./workspace/operational/current/PHASE_2_TASK_BLOCK.md
./workspace/operational/current/QUEUE.md
./workspace/operational/current/REPOSITORY_STATE.md
./workspace/operational/current/RESUME.md
./workspace/operational/current/WORKFLOW.md
./workspace/operational/preservation/PP-0001.md
./workspace/operational/recovery/RECOVERY_CHECKLIST.md
./workspace/operational/recovery/RECOVERY_SOP.md
./workspace/operational/recovery/RECOVERY_VERIFIER_SPECIFICATION.md
