./# Life Companion Constitution (1).docx
./# Life Companion Constitution.docx
./1_FsbR9i9sXRKjvYr2ryfVHQ.webp
./1_JxJxS07MssoW7xq-X4fFPA.webp
./1_U_fQjp6SCMQI9lZLBTtQmw.webp
./1__Pg7bjCUOTwnvdnnyPdnNg.webp
./1_soUx5azVgOclcnxwkWaBhQ.webp
./1_tVQrj-TApEg3pNBpMIT9ow.webp
./ADE-Working-Repository-_Archive_Recovery_Chatgpt_JSON_chatgpt-conversation (2).json at main · anarchogre_ADE-Working-Repository-
./ADE_Constitution_v1.4.md
./ADE_Workflow_Automation_Prompts.json
./AKS-AUDIT-0001_Foundation_Audit-1.json
./AKS-DECISION-0003_Theorem_Workflow-1.json
./AKS-INDEX-0001_Draft_0.3_Update.json
./AKS-PRESERVATION-0011_Engineering_Test_Transition-1.json
./AKS-PROP-0002_P021_Canonical_Granularity-1.json
./AKS-ROADMAP-0003_Post_Gate_Alpha-2.json
./AKS_Canonical_Knowledge_Object_Schema_v1.json
./AKS_Companion_Narrative_Working_Draft_v0_2.json
./AKS_Dependency_Graph_Specification_v1.json
./AKS_Design_Philosophy_v1.json
./AKS_Foundational_Theory_v1.json
./AKS_Gardener_Cultivation_Model_v1.0-1.json
./AKS_Governing_Principles_v2-1.json
./AKS_Governing_Principles_v2.json
./AKS_Integrity_Architecture_v1-1.json
./AKS_Integrity_Architecture_v1.json
./AKS_Reasoning_Contracts_v1.1.json
./AKS_Reasoning_Contracts_v2.json
./AKS_Repository_Constitution_v1.json
./AKS_Repository_Invariants_v1.json
./AKS_Style_Profile_Model_v1-1.json
./BLUEPRINT (1).md
./BLUEPRINT.md
./BLUEPRINT_v2.0_RESTORATION.md
./Branch Management Assistance.pdf
./Categorization of Governance Elements.pdf
./Categorization_of_Governance_Elements.md.txt
./Code GPT - Standby for end handoff.pdf
./Custom_GPT_Design_Process(2).json
./Custom_GPT_Design_Process.json
./DIFFERENCE_ENGINE_ROADMAP (1).md
./DIFFERENCE_ENGINE_ROADMAP.md
./Difference __ Engine __ Head Steward __ Cat Wrangler.pdf
./Difference_Engine_2-1.json
./Difference_Engine_2.json
./Difference_Engine____Branch_0____Origins.md.txt
./Difference_Engine____Branch_0____Origins.txt
./Difference_Engine____Branch_III____Integration.md(1).txt
./Difference_Engine____Branch_III____Integration.md.txt
./Difference_Engine____Branch_III____Integration.txt
./Difference_Engine____Branch_II____Research.md.txt
./Difference_Engine____Branch_II____Research.txt
./Difference_Engine____Branch_IV____Operations.md.txt
./Difference_Engine____Branch_IV____Operations.txt
./Difference____Engine____Branch_IV_Operations_ADE_E.txt
./Difference____Engine____Branch_V____Human_Imterfac.txt
./Epistemic_Engine_Development.md
./Evidence_Transformation_Specification_v1.0-1.json
./Evidence_Transformation_Specification_v1.0.json
./FPA-0001-CanonicalVocabulary.json
./FPA-0002-SpecificationFramework.json
./FPA-0003-CanonicalArtifactOntology.json
./File_Library_Access_Details.md.txt
./Forensic_Parser_Workflow_full_chat-1.json
./Forensic_Parser_Workflow_full_chat.json
./Governance.zip
./Handbook_Project_Organization(1)-1.json
./Handbook_Project_Organization(1).json
./Handbook_Project_Organization(2).json
./Handbook_Project_Organization.json
./Head Steward.txt
./Inactive____Difference_Engine____Branch_IV____Oper.txt
./Inference_and_Linguistic_Models.json
./Kernel_Manifest_v2.json
./Life Companion Constitution (1).md
./Life Companion Constitution.docx
./Life Companion Constitution.md
./Life Companion Constitution.txt
./MAJOR_PP_0001.json
./Observation_Database_v0.2.pdf
./Operational Doctrine.txt
./Operational Reality.txt
./PP-0058-MAJOR-1.json
./PP-0058-MAJOR.json
./PP-0058-Manifest(1).json
./PP-0058-Manifest-1.json
./PP-0058-Manifest.json
./PP-0058-Principles.json
./PP0001_MANIFEST(1).json
./PR-0005_Architectural_Change_Preservation.json
./REPOSITORY_FILES(4).txt
./ROADMAP_v2.0_RESTORATION.md
./Repository_State_PP0005.json
./Research_Branch_Workflow-1.json
./Research_Branch_Workflow-2.json
./Research_Branch_Workflow.json
./SPEC-0000_Constitutional_Registry.json
./SYSTEM_BOOTSTRAP_v2.0_CHATGPT.md
./Summaries_for_the_steward.md.txt
./THE DIFFERENCE ENGINE- SYSTEM SPECIFICATION & REVISED BOOTSTRAP PROTOCOL (1).docx
./Twenty conversation .docx
./Universal_Branch_Steward_Protocol_Constitutional_Amendment_v_1.1_Ratification Draft(4).md
./Volume_I_v0.2.pdf
./Writing Assistant - Difference __ Engine __ Branch V __ Human Imterface.pdf
./anarchogre-ade-working-repository--8a5edab282632443.txt
./chatgpt-conversation.json
./forensic_parser_workflow_start(1).json
./gemini-code-1785052718605.txt
./master_manifest_v0.2.json
./👌Academic Assistant Pro - Difference Engine __ Branch 0 __ Origins.pdf
./👌Academic Assistant Pro - Difference Engine __ Branch II __ Research.pdf
./👌Academic Assistant Pro - Difference Engine __ Branch III __ Integration.pdf
./👌Academic Assistant Pro - Difference Engine __ Branch IV __ Operations.pdf
./👌Academic Assistant Pro - Difference __ Engine __ Branch IV Operations ADE Execution.pdf
