/data/data/com.termux/files/home/storage/shared/FILE_LIBRARY_UPLOADS/99_UTILITIES/Conventions/DOCUMENT_METADATA.md
/data/data/com.termux/files/home/storage/shared/FILE_LIBRARY_UPLOADS/99_UTILITIES/Conventions/MARKDOWN_STYLE.md
/data/data/com.termux/files/home/storage/shared/FILE_LIBRARY_UPLOADS/99_UTILITIES/Conventions/WRITING_GUIDELINES.md
/data/data/com.termux/files/home/storage/shared/FILE_LIBRARY_UPLOADS/99_UTILITIES/Ingestion/AIS_v0.1.md
/data/data/com.termux/files/home/storage/shared/FILE_LIBRARY_UPLOADS/99_UTILITIES/Ingestion/Architecture_Decision_Record_Specification_v0.1.md
/data/data/com.termux/files/home/storage/shared/FILE_LIBRARY_UPLOADS/99_UTILITIES/Ingestion/Artifact_Lifecycle_Specification_v0.1.md
/data/data/com.termux/files/home/storage/shared/FILE_LIBRARY_UPLOADS/99_UTILITIES/Ingestion/Artifact_Schema_v0.1.md
/data/data/com.termux/files/home/storage/shared/FILE_LIBRARY_UPLOADS/99_UTILITIES/Ingestion/Asset_Schema_v0.1.md
/data/data/com.termux/files/home/storage/shared/FILE_LIBRARY_UPLOADS/99_UTILITIES/Ingestion/Canonical_Promotion_Specification_v0.1.md
/data/data/com.termux/files/home/storage/shared/FILE_LIBRARY_UPLOADS/99_UTILITIES/Ingestion/Configuration_Management_Specification_v0.1.md
/data/data/com.termux/files/home/storage/shared/FILE_LIBRARY_UPLOADS/99_UTILITIES/Ingestion/Conversation_Schema_v0.1.md
/data/data/com.termux/files/home/storage/shared/FILE_LIBRARY_UPLOADS/99_UTILITIES/Ingestion/Developer_Guide_v0.1.md
/data/data/com.termux/files/home/storage/shared/FILE_LIBRARY_UPLOADS/99_UTILITIES/Ingestion/Event_Catalog_Specification_v0.1.md
/data/data/com.termux/files/home/storage/shared/FILE_LIBRARY_UPLOADS/99_UTILITIES/Ingestion/Event_Model_Specification_v0.1.md
/data/data/com.termux/files/home/storage/shared/FILE_LIBRARY_UPLOADS/99_UTILITIES/Ingestion/Event_Processing_Specification_v0.1.md
/data/data/com.termux/files/home/storage/shared/FILE_LIBRARY_UPLOADS/99_UTILITIES/Ingestion/Event_Routing_Specification_v0.1.md
/data/data/com.termux/files/home/storage/shared/FILE_LIBRARY_UPLOADS/99_UTILITIES/Ingestion/Event_Schema_Specification_v0.1.md
/data/data/com.termux/files/home/storage/shared/FILE_LIBRARY_UPLOADS/99_UTILITIES/Ingestion/Implementation_Backlog_v0.1.md
/data/data/com.termux/files/home/storage/shared/FILE_LIBRARY_UPLOADS/99_UTILITIES/Ingestion/Implementation_Checklist_v0.1.md
/data/data/com.termux/files/home/storage/shared/FILE_LIBRARY_UPLOADS/99_UTILITIES/Ingestion/Implementation_Milestones_v0.1.md
/data/data/com.termux/files/home/storage/shared/FILE_LIBRARY_UPLOADS/99_UTILITIES/Ingestion/Implementation_Roadmap_v0.1.md
/data/data/com.termux/files/home/storage/shared/FILE_LIBRARY_UPLOADS/99_UTILITIES/Ingestion/Ingestion_Glossary_v0.1.md
/data/data/com.termux/files/home/storage/shared/FILE_LIBRARY_UPLOADS/99_UTILITIES/Ingestion/Ingestion_Pipeline_Specification_v0.1.md
/data/data/com.termux/files/home/storage/shared/FILE_LIBRARY_UPLOADS/99_UTILITIES/Ingestion/Ingestion_Report_Schema_v0.1.md
/data/data/com.termux/files/home/storage/shared/FILE_LIBRARY_UPLOADS/99_UTILITIES/Ingestion/Observability_Specification_v0.1.md
/data/data/com.termux/files/home/storage/shared/FILE_LIBRARY_UPLOADS/99_UTILITIES/Ingestion/Operational_Readiness_Specification_v0.1.md
/data/data/com.termux/files/home/storage/shared/FILE_LIBRARY_UPLOADS/99_UTILITIES/Ingestion/Output_Package_Specificatiom_v0.1.md
/data/data/com.termux/files/home/storage/shared/FILE_LIBRARY_UPLOADS/99_UTILITIES/Ingestion/Output_Package_Specification_v0.1d
/data/data/com.termux/files/home/storage/shared/FILE_LIBRARY_UPLOADS/99_UTILITIES/Ingestion/Parser_Behavior_Specification_v0.1.md
/data/data/com.termux/files/home/storage/shared/FILE_LIBRARY_UPLOADS/99_UTILITIES/Ingestion/Parser_Development_Guide_v0.1.md
/data/data/com.termux/files/home/storage/shared/FILE_LIBRARY_UPLOADS/99_UTILITIES/Ingestion/Provenance_Specification_v0.1.md
/data/data/com.termux/files/home/storage/shared/FILE_LIBRARY_UPLOADS/99_UTILITIES/Ingestion/Publication_Specification_v0.1.md
/data/data/com.termux/files/home/storage/shared/FILE_LIBRARY_UPLOADS/99_UTILITIES/Ingestion/Quality_Assurance_Specification_v0.1.md
/data/data/com.termux/files/home/storage/shared/FILE_LIBRARY_UPLOADS/99_UTILITIES/Ingestion/Queue_Candidate_Schema_v0.1.md
/data/data/com.termux/files/home/storage/shared/FILE_LIBRARY_UPLOADS/99_UTILITIES/Ingestion/Queue_Specification_v0.1.md
/data/data/com.termux/files/home/storage/shared/FILE_LIBRARY_UPLOADS/99_UTILITIES/Ingestion/Reference_Schema_v0.1.md
/data/data/com.termux/files/home/storage/shared/FILE_LIBRARY_UPLOADS/99_UTILITIES/Ingestion/Repository_Constitution_v0.1.md
/data/data/com.termux/files/home/storage/shared/FILE_LIBRARY_UPLOADS/99_UTILITIES/Ingestion/Repository_Index_Specification_v0.1.md
/data/data/com.termux/files/home/storage/shared/FILE_LIBRARY_UPLOADS/99_UTILITIES/Ingestion/Repository_Mapping_Specification_v0.1.md
/data/data/com.termux/files/home/storage/shared/FILE_LIBRARY_UPLOADS/99_UTILITIES/Ingestion/Repository_Maturity_Model_v0.1.md
/data/data/com.termux/files/home/storage/shared/FILE_LIBRARY_UPLOADS/99_UTILITIES/Ingestion/Repository_Relationship_Schema_v0.1.md
/data/data/com.termux/files/home/storage/shared/FILE_LIBRARY_UPLOADS/99_UTILITIES/Ingestion/Repository_Standards_v0.1.md
/data/data/com.termux/files/home/storage/shared/FILE_LIBRARY_UPLOADS/99_UTILITIES/Ingestion/Schema_Governance_Specification_v0.1.md
/data/data/com.termux/files/home/storage/shared/FILE_LIBRARY_UPLOADS/99_UTILITIES/Ingestion/Security_and_Integrity_Specification_v0.1.md
/data/data/com.termux/files/home/storage/shared/FILE_LIBRARY_UPLOADS/99_UTILITIES/Ingestion/Service_Contracts_v0.1.md
/data/data/com.termux/files/home/storage/shared/FILE_LIBRARY_UPLOADS/99_UTILITIES/Ingestion/Service_Development_Guide_v0.1.md
/data/data/com.termux/files/home/storage/shared/FILE_LIBRARY_UPLOADS/99_UTILITIES/Ingestion/Testing_Strategy_Specification_v0.1.md
/data/data/com.termux/files/home/storage/shared/FILE_LIBRARY_UPLOADS/99_UTILITIES/Ingestion/Validation_Specification_v0.1.md
/data/data/com.termux/files/home/storage/shared/FILE_LIBRARY_UPLOADS/99_UTILITIES/Ingestion/Workflow_API_Specification_v0.1.md
/data/data/com.termux/files/home/storage/shared/FILE_LIBRARY_UPLOADS/99_UTILITIES/Ingestion/Workflow_Audit_Specification_v0.1.md
/data/data/com.termux/files/home/storage/shared/FILE_LIBRARY_UPLOADS/99_UTILITIES/Ingestion/Workflow_Checkpointing_Specification_v0.1.md
/data/data/com.termux/files/home/storage/shared/FILE_LIBRARY_UPLOADS/99_UTILITIES/Ingestion/Workflow_Context_Specification_v0.1.md
/data/data/com.termux/files/home/storage/shared/FILE_LIBRARY_UPLOADS/99_UTILITIES/Ingestion/Workflow_Definition_Schema_v0.1.md
/data/data/com.termux/files/home/storage/shared/FILE_LIBRARY_UPLOADS/99_UTILITIES/Ingestion/Workflow_Execution_Specification_v0.1.md
/data/data/com.termux/files/home/storage/shared/FILE_LIBRARY_UPLOADS/99_UTILITIES/Ingestion/Workflow_Governance_Specification_v0.1.md
/data/data/com.termux/files/home/storage/shared/FILE_LIBRARY_UPLOADS/99_UTILITIES/Ingestion/Workflow_Metrics_Specification_v0.1.md
/data/data/com.termux/files/home/storage/shared/FILE_LIBRARY_UPLOADS/99_UTILITIES/Ingestion/Workflow_Orchestration_Specification_v0.1.md
/data/data/com.termux/files/home/storage/shared/FILE_LIBRARY_UPLOADS/99_UTILITIES/Ingestion/Workflow_Recovery_Specification_v0.1.md
/data/data/com.termux/files/home/storage/shared/FILE_LIBRARY_UPLOADS/99_UTILITIES/Ingestion/Workflow_Replay_Specification_v0.1.md
/data/data/com.termux/files/home/storage/shared/FILE_LIBRARY_UPLOADS/99_UTILITIES/Ingestion/Workflow_Reporting_Specification_v0.1.md
/data/data/com.termux/files/home/storage/shared/FILE_LIBRARY_UPLOADS/99_UTILITIES/Ingestion/Workflow_Service_Capability_Specification_v0.1.md
/data/data/com.termux/files/home/storage/shared/FILE_LIBRARY_UPLOADS/99_UTILITIES/Ingestion/Workflow_Service_Communication_Specification_v0.1.md
/data/data/com.termux/files/home/storage/shared/FILE_LIBRARY_UPLOADS/99_UTILITIES/Ingestion/Workflow_Service_Composition_Specification_v0.1.md
/data/data/com.termux/files/home/storage/shared/FILE_LIBRARY_UPLOADS/99_UTILITIES/Ingestion/Workflow_Service_Configuration_Specification_v0.1.md
/data/data/com.termux/files/home/storage/shared/FILE_LIBRARY_UPLOADS/99_UTILITIES/Ingestion/Workflow_Service_Contract_Specification_v0.1.md
/data/data/com.termux/files/home/storage/shared/FILE_LIBRARY_UPLOADS/99_UTILITIES/Ingestion/Workflow_Service_Coordination_Specification_v0.1.md
/data/data/com.termux/files/home/storage/shared/FILE_LIBRARY_UPLOADS/99_UTILITIES/Ingestion/Workflow_Service_Dependency_Specification_v0.1.md
/data/data/com.termux/files/home/storage/shared/FILE_LIBRARY_UPLOADS/99_UTILITIES/Ingestion/Workflow_Service_Discovery_Specification_v0.1.md
/data/data/com.termux/files/home/storage/shared/FILE_LIBRARY_UPLOADS/99_UTILITIES/Ingestion/Workflow_Service_Dispatch_Specification_v0.1.md
/data/data/com.termux/files/home/storage/shared/FILE_LIBRARY_UPLOADS/99_UTILITIES/Ingestion/Workflow_Service_Health_Specification_v0.1.md
/data/data/com.termux/files/home/storage/shared/FILE_LIBRARY_UPLOADS/99_UTILITIES/Ingestion/Workflow_Service_Lifecycle_Specification_v0.1.md
/data/data/com.termux/files/home/storage/shared/FILE_LIBRARY_UPLOADS/99_UTILITIES/Ingestion/Workflow_Service_Load_Balancing_Specification_v0.1.md
/data/data/com.termux/files/home/storage/shared/FILE_LIBRARY_UPLOADS/99_UTILITIES/Ingestion/Workflow_Service_Messaging_Specification_v0.1.md
/data/data/com.termux/files/home/storage/shared/FILE_LIBRARY_UPLOADS/99_UTILITIES/Ingestion/Workflow_Service_Registry_Specification_v0.1.md
/data/data/com.termux/files/home/storage/shared/FILE_LIBRARY_UPLOADS/99_UTILITIES/Ingestion/Workflow_Service_Resilience_Specification_v0.1.md
/data/data/com.termux/files/home/storage/shared/FILE_LIBRARY_UPLOADS/99_UTILITIES/Ingestion/Workflow_Service_Routing_Specification_v0.1.md
/data/data/com.termux/files/home/storage/shared/FILE_LIBRARY_UPLOADS/99_UTILITIES/Ingestion/Workflow_Service_Scaling_Specification_v0.1.md
/data/data/com.termux/files/home/storage/shared/FILE_LIBRARY_UPLOADS/99_UTILITIES/Ingestion/Workflow_Service_Scheduling_Specification_v0.1.md
/data/data/com.termux/files/home/storage/shared/FILE_LIBRARY_UPLOADS/99_UTILITIES/Ingestion/Workflow_State_Machine_Specification_v0.1.md
/data/data/com.termux/files/home/storage/shared/FILE_LIBRARY_UPLOADS/99_UTILITIES/Ingestion/Workflow_Versioning_Specification_v0.1.md
/data/data/com.termux/files/home/storage/shared/FILE_LIBRARY_UPLOADS/99_UTILITIES/Naming/FILE_NAMING.md
/data/data/com.termux/files/home/storage/shared/FILE_LIBRARY_UPLOADS/99_UTILITIES/README.md
/data/data/com.termux/files/home/storage/shared/FILE_LIBRARY_UPLOADS/99_UTILITIES/Scripts/README.md
/data/data/com.termux/files/home/storage/shared/FILE_LIBRARY_UPLOADS/99_UTILITIES/Scripts/ids.py
/data/data/com.termux/files/home/storage/shared/FILE_LIBRARY_UPLOADS/99_UTILITIES/Scripts/new_document.py
/data/data/com.termux/files/home/storage/shared/FILE_LIBRARY_UPLOADS/99_UTILITIES/Scripts/templates.py
/data/data/com.termux/files/home/storage/shared/FILE_LIBRARY_UPLOADS/99_UTILITIES/Templates/ADR.template.md
/data/data/com.termux/files/home/storage/shared/FILE_LIBRARY_UPLOADS/99_UTILITIES/Templates/ARC.template.md
/data/data/com.termux/files/home/storage/shared/FILE_LIBRARY_UPLOADS/99_UTILITIES/Templates/GOV.template.md
/data/data/com.termux/files/home/storage/shared/FILE_LIBRARY_UPLOADS/99_UTILITIES/Templates/PUB.template.md
/data/data/com.termux/files/home/storage/shared/FILE_LIBRARY_UPLOADS/99_UTILITIES/Templates/SPEC.template.md
