./ade/kernel/bootstrap_loader/__pycache__/__init__.cpython-313.pyc
./ade/kernel/bootstrap_loader/__pycache__/__main__.cpython-313.pyc
./ade/kernel/bootstrap_loader/__pycache__/artifacts.cpython-313.pyc
./ade/kernel/bootstrap_loader/__pycache__/bootstrap.cpython-313.pyc
./ade/kernel/bootstrap_loader/__pycache__/config.cpython-313.pyc
./ade/kernel/bootstrap_loader/__pycache__/constants.cpython-313.pyc
./ade/kernel/bootstrap_loader/__pycache__/context.cpython-313.pyc
./ade/kernel/bootstrap_loader/__pycache__/contracts.cpython-313.pyc
./ade/kernel/bootstrap_loader/__pycache__/discover.cpython-313.pyc
./ade/kernel/bootstrap_loader/__pycache__/drift.cpython-313.pyc
./ade/kernel/bootstrap_loader/__pycache__/errors.cpython-313.pyc
./ade/kernel/bootstrap_loader/__pycache__/execution.cpython-313.pyc
./ade/kernel/bootstrap_loader/__pycache__/filesystem.cpython-313.pyc
./ade/kernel/bootstrap_loader/__pycache__/governance.cpython-313.pyc
./ade/kernel/bootstrap_loader/__pycache__/health.cpython-313.pyc
./ade/kernel/bootstrap_loader/__pycache__/loader.cpython-313.pyc
./ade/kernel/bootstrap_loader/__pycache__/logging.cpython-313.pyc
./ade/kernel/bootstrap_loader/__pycache__/main.cpython-313.pyc
./ade/kernel/bootstrap_loader/__pycache__/mission.cpython-313.pyc
./ade/kernel/bootstrap_loader/__pycache__/models.cpython-313.pyc
./ade/kernel/bootstrap_loader/__pycache__/modes.cpython-313.pyc
./ade/kernel/bootstrap_loader/__pycache__/paths.cpython-313.pyc
./ade/kernel/bootstrap_loader/__pycache__/queue.cpython-313.pyc
./ade/kernel/bootstrap_loader/__pycache__/readiness.cpython-313.pyc
./ade/kernel/bootstrap_loader/__pycache__/recovery.cpython-313.pyc
./ade/kernel/bootstrap_loader/__pycache__/result.cpython-313.pyc
./ade/kernel/bootstrap_loader/__pycache__/specifications.cpython-313.pyc
./ade/kernel/bootstrap_loader/__pycache__/state.cpython-313.pyc
./ade/kernel/bootstrap_loader/__pycache__/task.cpython-313.pyc
./ade/kernel/bootstrap_loader/__pycache__/validators.cpython-313.pyc
./ade/kernel/bootstrap_loader/__pycache__/verifier.cpython-313.pyc
./ade/kernel/bootstrap_loader/__pycache__/version.cpython-313.pyc
./ade/kernel/tests/__pycache__/test_bootstrap_loader.cpython-313.pyc
