ade/kernel/bootstrap_loader/__init__.py
ade/kernel/bootstrap_loader/discover.py
ade/kernel/bootstrap_loader/bootstrap.py
ade/kernel/bootstrap_loader/specifications.py
ade/kernel/bootstrap_loader/modes.py
ade/kernel/bootstrap_loader/readiness.py
ade/kernel/bootstrap_loader/recovery.py
ade/kernel/bootstrap_loader/mission.py
ade/kernel/bootstrap_loader/task.py
ade/kernel/bootstrap_loader/queue.py
ade/kernel/bootstrap_loader/execution.py
ade/kernel/bootstrap_loader/governance.py
ade/kernel/bootstrap_loader/state.py
ade/kernel/bootstrap_loader/loader.py
ade/kernel/bootstrap_loader/main.py
ade/kernel/bootstrap_loader/__main__.py
ade/kernel/bootstrap_loader/version.py
ade/kernel/bootstrap_loader/health.py
ade/kernel/bootstrap_loader/errors.py
ade/kernel/bootstrap_loader/config.py
ade/kernel/bootstrap_loader/paths.py
ade/kernel/bootstrap_loader/contracts.py
ade/kernel/bootstrap_loader/constants.py
ade/kernel/bootstrap_loader/context.py
ade/kernel/bootstrap_loader/logging.py
ade/kernel/bootstrap_loader/filesystem.py
ade/kernel/bootstrap_loader/artifacts.py
ade/kernel/bootstrap_loader/models.py
ade/kernel/bootstrap_loader/result.py
ade/kernel/bootstrap_loader/validators.py
ade/kernel/bootstrap_loader/verifier.py
ade/kernel/bootstrap_loader/drift.py
ade/kernel/tests/test_bootstrap_loader.py
ade/kernel/tests/run_tests.py
ade/services/ingestion/receipt.py
ade/services/ingestion/__init__.py
ade/services/ingestion/intake.py
ade/services/ingestion/tests/test_intake.py
ade/services/ingestion/tests/test_markdown_parser.py
ade/services/ingestion/tests/test_pipeline.py
ade/services/ingestion/tests/test_conversation_parser.py
ade/services/ingestion/tests/test_chat_pipeline.py
ade/services/ingestion/tests/run_all.py
ade/services/ingestion/parsers/markdown.py
ade/services/ingestion/parsers/__init__.py
ade/services/ingestion/parsers/conversation.py
ade/services/ingestion/parsers/chatgpt.py
ade/services/ingestion/parser.py
ade/services/ingestion/pipeline.py
ade/services/ingestion/assets.py
ade/services/ingestion/references.py
ade/services/ingestion/queues.py
ade/services/ingestion/validation.py
ade/services/ingestion/output.py
ade/services/ingestion/provenance.py
ade/services/ingestion/manifest.py
ade/services/ingestion/report.py
ade/services/ingestion/cli.py
ade/services/ingestion/ids.py
ade/services/ingestion/discover.py
ade/services/ingestion/batch.py
ade/services/ingestion/index.py
ade/services/ingestion/resume.py
ade/services/ingestion/stages.py
ade/services/ingestion/state.py
ade/services/ingestion/recover.py
ade/services/ingestion/registry.py
