Repository/Governance/amendments.md
Repository/Governance/bootstrap.md
Repository/Governance/constitution.md
ade/kernel/bootstrap_loader/__init__.py
ade/kernel/bootstrap_loader/__main__.py
ade/kernel/bootstrap_loader/artifacts.py
ade/kernel/bootstrap_loader/bootstrap.py
ade/kernel/bootstrap_loader/config.py
ade/kernel/bootstrap_loader/constants.py
ade/kernel/bootstrap_loader/context.py
ade/kernel/bootstrap_loader/contracts.py
ade/kernel/bootstrap_loader/discover.py
ade/kernel/bootstrap_loader/drift.py
ade/kernel/bootstrap_loader/errors.py
ade/kernel/bootstrap_loader/execution.py
ade/kernel/bootstrap_loader/filesystem.py
ade/kernel/bootstrap_loader/governance.py
ade/kernel/bootstrap_loader/health.py
ade/kernel/bootstrap_loader/loader.py
ade/kernel/bootstrap_loader/logging.py
ade/kernel/bootstrap_loader/main.py
ade/kernel/bootstrap_loader/mission.py
ade/kernel/bootstrap_loader/models.py
ade/kernel/bootstrap_loader/modes.py
ade/kernel/bootstrap_loader/paths.py
ade/kernel/bootstrap_loader/queue.py
ade/kernel/bootstrap_loader/readiness.py
ade/kernel/bootstrap_loader/recovery.py
ade/kernel/bootstrap_loader/result.py
ade/kernel/bootstrap_loader/specifications.py
ade/kernel/bootstrap_loader/state.py
ade/kernel/bootstrap_loader/task.py
ade/kernel/bootstrap_loader/validators.py
ade/kernel/bootstrap_loader/verifier.py
ade/kernel/bootstrap_loader/version.py
ade/kernel/tests/run_tests.py
ade/kernel/tests/test_bootstrap_loader.py
architecture/PROCESSING_PIPELINE_v1.md
architecture/artifacterator/UNIVERSAL_ARTIFACTERATOR_ARCHITECTURE_v1.md
architecture/bootstrap_loader/BOOTSTRAP_LOADER_API_v1.md
architecture/bootstrap_loader/BOOTSTRAP_LOADER_CONFIGURATION_v1.md
architecture/bootstrap_loader/BOOTSTRAP_LOADER_CONTRACT_v1.md
architecture/bootstrap_loader/BOOTSTRAP_LOADER_DEPENDENCIES_v1.md
architecture/bootstrap_loader/BOOTSTRAP_LOADER_DISCOVERY_v1.md
architecture/bootstrap_loader/BOOTSTRAP_LOADER_ERRORS_v1.md
architecture/bootstrap_loader/BOOTSTRAP_LOADER_FILE_LAYOUT_v1.md
architecture/bootstrap_loader/BOOTSTRAP_LOADER_GLOSSARY_v1.md
architecture/bootstrap_loader/BOOTSTRAP_LOADER_IMPLEMENTATION_PLAN_v1.md
architecture/bootstrap_loader/BOOTSTRAP_LOADER_INTERFACE_v1.md
architecture/bootstrap_loader/BOOTSTRAP_LOADER_LIFECYCLE_v1.md
architecture/bootstrap_loader/BOOTSTRAP_LOADER_MODULES_v1.md
architecture/bootstrap_loader/BOOTSTRAP_LOADER_OUTPUT_v1.md
architecture/bootstrap_loader/BOOTSTRAP_LOADER_PSEUDOCODE_v1.md
architecture/bootstrap_loader/BOOTSTRAP_LOADER_PYTHON_MAPPING_v1.md
architecture/bootstrap_loader/BOOTSTRAP_LOADER_SEQUENCE_v1.md
architecture/bootstrap_loader/BOOTSTRAP_LOADER_SPECIFICATION_v1.md
architecture/bootstrap_loader/BOOTSTRAP_LOADER_STATE_MACHINE_v1.md
architecture/bootstrap_loader/BOOTSTRAP_LOADER_TEST_PLAN_v1.md
architecture/bootstrap_loader/BOOTSTRAP_LOADER_WORKFLOW_v1.md
architecture/bootstrap_loader/README.md
architecture/formatter/UNIVERSAL_FORMATTER_ARCHITECTURE_v1.md
architecture/parser/PARSER_ARCHITECTURE_v1.md
scripts/reconciliation/README.md
scripts/reconciliation/reconcile.sh
workspace/delete from de cgptfl.md
workspace/operational/Continue DifferenceEngine.md
workspace/operational/bootstrap/BOOTSTRAP.md
workspace/operational/bootstrap/BOOTSTRAP_vNext.md
workspace/operational/bootstrap/INITIALIZATION_ORDER.md
workspace/operational/current/ACTIVE_MISSION.md
workspace/operational/current/ACTIVE_TASK.md
workspace/operational/current/COMPLETED_TASK_BLOCK.md
workspace/operational/current/MISSION.md
workspace/operational/current/NEXT_COMMAND_BLOCK.md
workspace/operational/current/NEXT_MISSION.md
workspace/operational/current/OPERATIONAL_LAWS.md
workspace/operational/current/PHASE_1_COMPLETION_REPORT.md
workspace/operational/current/PHASE_2_COMPLETION_REPORT.md
workspace/operational/current/PHASE_2_TASK_BLOCK.md
workspace/operational/current/PHASE_3_COMPLETION_REPORT.md
workspace/operational/current/PHASE_3_TASK_BLOCK.md
workspace/operational/current/PHASE_4_COMPLETION_REPORT.md
workspace/operational/current/PHASE_4_TASK_BLOCK.md
workspace/operational/current/PHASE_5_TASK_BLOCK.md
workspace/operational/current/QUEUE.md
workspace/operational/current/REPOSITORY_STATE.md
workspace/operational/current/RESUME.md
workspace/operational/current/WORKFLOW.md
workspace/operational/drift/DRIFT_REPORT_TEMPLATE.md
workspace/operational/library/ARTIFACT_LIFECYCLE.md
workspace/operational/library/LIBRARY_GOVERNANCE.md
workspace/operational/library/UPLOAD_STANDARD.md
workspace/operational/preservation/PP-0001.md
workspace/operational/recovery/RECOVERY_CHECKLIST.md
workspace/operational/recovery/RECOVERY_SOP.md
workspace/operational/recovery/RECOVERY_VERIFIER_SPECIFICATION.md
workspace/operational/recovery/gpt-plus-integration/20260803T043919/active-state-patch/reports/bootstrap-recovery-report.md
workspace/operational/recovery/gpt-plus-integration/20260803T043919/bootstrap-vnext/artifacts/BOOTSTRAP_DIFFERENCE_REPORT.md
workspace/operational/recovery/gpt-plus-integration/20260803T043919/bootstrap-vnext/artifacts/BOOTSTRAP_MIGRATION_NOTES.md
workspace/operational/recovery/gpt-plus-integration/20260803T043919/bootstrap-vnext/artifacts/BOOTSTRAP_vNext.md
workspace/operational/recovery/gpt-plus-integration/20260803T043919/phase-1-closeout/artifacts/PHASE_1_COMPLETION_REPORT.md
workspace/operational/recovery/gpt-plus-integration/20260803T043919/phase-1-closeout/artifacts/PHASE_2_TASK_BLOCK.md
workspace/operational/recovery/gpt-plus-integration/20260803T043919/phase-1-closeout/artifacts/SIQ_GPT_PLUS_INTEGRATION.md
workspace/operational/recovery/gpt-plus-integration/20260803T043919/phase-2-closeout/artifacts/PHASE_2_COMPLETION_REPORT.md
workspace/operational/recovery/gpt-plus-integration/20260803T043919/phase-2-closeout/artifacts/PHASE_3_TASK_BLOCK.md
workspace/operational/recovery/gpt-plus-integration/20260803T043919/phase-3-closeout/artifacts/PHASE_3_COMPLETION_REPORT.md
workspace/operational/recovery/gpt-plus-integration/20260803T043919/phase-3-closeout/artifacts/PHASE_4_TASK_BLOCK.md
workspace/operational/recovery/gpt-plus-integration/20260803T043919/recovery-specification/artifacts/RECOVERY_CHECKLIST.md
workspace/operational/recovery/gpt-plus-integration/20260803T043919/recovery-specification/artifacts/RECOVERY_SOP.md
workspace/operational/recovery/gpt-plus-integration/20260803T043919/recovery-specification/artifacts/RECOVERY_VERIFIER_SPECIFICATION.md
