DifferenceEngine
DifferenceEngine/MemoryPalace
DifferenceEngine/Phylactery
DifferenceEngine/Repository
DifferenceEngine/Repository/Entities
DifferenceEngine/Repository/Governance
DifferenceEngine/Repository/Observations
DifferenceEngine/Repository/Patterns
DifferenceEngine/Repository/Preservation
DifferenceEngine/Repository/Publications
DifferenceEngine/Repository/Relationships
DifferenceEngine/Repository/Specifications
DifferenceEngine/Repository/Validation
DifferenceEngine/ade
DifferenceEngine/ade/cli
DifferenceEngine/ade/distribution
DifferenceEngine/ade/ingestion
DifferenceEngine/ade/kernel
DifferenceEngine/ade/objects
DifferenceEngine/ade/publication
DifferenceEngine/ade/schema
DifferenceEngine/ade/services
DifferenceEngine/ade/tests
DifferenceEngine/ade/validation
DifferenceEngine/ade/workflows
DifferenceEngine/archives
DifferenceEngine/docs
DifferenceEngine/evidence
DifferenceEngine/inventory
DifferenceEngine/scripts
DifferenceEngine/specifications
DifferenceEngine/stewards
DifferenceEngine/tools
DifferenceEngine/workspace
DifferenceEngine/{
