ADE/ADE-Working-Repository-/ACTIVE_STATE_SNAPSHOT_v1.4.md
ADE/ADE-Working-Repository-/ACTIVE_STATE_SNAPSHOT_v1.4_REVISED.md
ADE/ADE-Working-Repository-/ACTIVE_STATE_SNAPSHOT_v1.4_REVISION.md
ADE/ADE-Working-Repository-/Archive/Recovery/Documents/DOCX/THE ACTIVE STATE SNAPSHOT.docx
ADE/ADE-Working-Repository-/Archive/Recovery/Documents/PDF/Free ChatGPT Plugins for ADE.pdf
ADE/ADE-Working-Repository-/CLAUDE START HERE/ACTIVE_STATE_SNAPSHOT_v1.4.md
ADE/ADE-Working-Repository-/CLAUDE START HERE/Free ChatGPT Plugins for ADE-1.pdf
ADE/ADE-Working-Repository-/CLAUDE START HERE/Free ChatGPT Plugins for ADE.pdf
ADE/ADE-Working-Repository-/CLAUDE START HERE/REPOSITORY_CHARTER.md
ADE/ADE-Working-Repository-/CLAUDE START HERE/REPOSITORY_GOVERNANCE.md
ADE/ADE-Working-Repository-/CLAUDE START HERE/REPOSITORY_STRUCTURE.md
ADE/ADE-Working-Repository-/CLAUDE START HERE/STATE_SNAPSHOT_PACKAGE.pdf
ADE/ADE-Working-Repository-/CLAUDE START HERE/SYSTEM_BOOTSTRAP_v2.0_CHATGPT.md
ADE/ADE-Working-Repository-/CLAUDE START HERE/THE ACTIVE STATE SNAPSHOT.docx
ADE/ADE-Working-Repository-/In ox/STATE_SNAPSHOT_PACKAGE.pdf
ADE/ADE-Working-Repository-/REPOSITORY_CHARTER.md
ADE/ADE-Working-Repository-/REPOSITORY_FILES.txt
ADE/ADE-Working-Repository-/REPOSITORY_STRUCTURE.md
ADE/ADE-Working-Repository-/REPOSITORY_TREE.json
ADE/ADE-Working-Repository-/REPOSITORY_TREE.txt
ADE/ADE-Working-Repository-/REPOSITORY_TREE_FULL.txt
ADE/👌Academic Assistant Pro - Custom GPT Design Process
