.
./.de
./.de/artifacts
./.de/cache
./.de/commands
./.de/exports
./.de/index
./.de/logs
./.de/plugins
./.de/registry
./.de/reports
./.de/state
./.de/tmp
./.githooks
./.gitinfo
./.gitinfo/history
./.gitinfo/snapshots
./.meta
./BOOTSTRAP
./DOCTRINE
./MISSIONS
./MemoryPalace
./Phylactery
./QUEUES
./Repository
./Repository/Entities
./Repository/Governance
./Repository/Observations
./Repository/Patterns
./Repository/Preservation
./Repository/Publications
./Repository/Relationships
./Repository/Specifications
./Repository/Validation
./SESSION
./SUMMITS
./ade
./ade/cli
./ade/distribution
./ade/ingestion
./ade/kernel
./ade/kernel/bootstrap_loader
./ade/kernel/bootstrap_loader/__pycache__
./ade/kernel/tests
./ade/kernel/tests/__pycache__
./ade/objects
./ade/publication
./ade/schema
./ade/services
./ade/tests
./ade/validation
./ade/workflows
./architecture
./architecture/artifacterator
./architecture/bootstrap_loader
./architecture/formatter
./architecture/parser
./archives
./docs
./evidence
./inventory
./inventory/history
./inventory/reconciliation
./inventory/reports
./logs
./logs/operations
./logs/reconciliation
./logs/sessions
./queue
./queue/active
./queue/archive
./queue/blocked
./queue/completed
./queue/discussion
./queue/implementation
./queue/ingestion
./queue/research
./queue/review
./queue/roadmap
./queue/someday
./scripts
./scripts/lib
./scripts/reconciliation
./specifications
./specifications/artifacts
./specifications/parser
./specifications/repository
./standards
./standards/v1
./standards/v1/supporting
./standards/vi
./stewards
./templates
./tools
./workspace
./workspace/operational
./workspace/operational/bootstrap
./workspace/operational/current
./workspace/operational/history
./workspace/operational/preservation
./workspace/operational/recovery
./workspace/operational/recovery/gpt-plus-integration
./workspace/operational/recovery/gpt-plus-integration/20260803T043919
./workspace/operational/recovery/gpt-plus-integration/20260803T043919/hashes
./workspace/operational/recovery/gpt-plus-integration/20260803T043919/logs
./workspace/operational/recovery/gpt-plus-integration/20260803T043919/manifests
./workspace/operational/recovery/gpt-plus-integration/20260803T043919/reports
./{
