./Repository/Governance/bootstrap.md
./ade/kernel/bootstrap_loader/__init__.py
./ade/kernel/bootstrap_loader/__main__.py
./ade/kernel/bootstrap_loader/artifacts.py
./ade/kernel/bootstrap_loader/bootstrap.py
./ade/kernel/bootstrap_loader/config.py
./ade/kernel/bootstrap_loader/constants.py
./ade/kernel/bootstrap_loader/context.py
./ade/kernel/bootstrap_loader/contracts.py
./ade/kernel/bootstrap_loader/discover.py
./ade/kernel/bootstrap_loader/errors.py
./ade/kernel/bootstrap_loader/execution.py
./ade/kernel/bootstrap_loader/filesystem.py
./ade/kernel/bootstrap_loader/governance.py
./ade/kernel/bootstrap_loader/health.py
./ade/kernel/bootstrap_loader/loader.py
./ade/kernel/bootstrap_loader/logging.py
./ade/kernel/bootstrap_loader/main.py
./ade/kernel/bootstrap_loader/mission.py
./ade/kernel/bootstrap_loader/models.py
./ade/kernel/bootstrap_loader/modes.py
./ade/kernel/bootstrap_loader/paths.py
./ade/kernel/bootstrap_loader/queue.py
./ade/kernel/bootstrap_loader/readiness.py
./ade/kernel/bootstrap_loader/recovery.py
./ade/kernel/bootstrap_loader/result.py
./ade/kernel/bootstrap_loader/specifications.py
./ade/kernel/bootstrap_loader/state.py
./ade/kernel/bootstrap_loader/task.py
./ade/kernel/bootstrap_loader/validators.py
./ade/kernel/bootstrap_loader/version.py
./ade/kernel/tests/test_bootstrap_loader.py
./architecture/bootstrap_loader/BOOTSTRAP_LOADER_API_v1.md
./architecture/bootstrap_loader/BOOTSTRAP_LOADER_CONFIGURATION_v1.md
./architecture/bootstrap_loader/BOOTSTRAP_LOADER_CONTRACT_v1.md
./architecture/bootstrap_loader/BOOTSTRAP_LOADER_DEPENDENCIES_v1.md
./architecture/bootstrap_loader/BOOTSTRAP_LOADER_DISCOVERY_v1.md
./architecture/bootstrap_loader/BOOTSTRAP_LOADER_ERRORS_v1.md
./architecture/bootstrap_loader/BOOTSTRAP_LOADER_FILE_LAYOUT_v1.md
./architecture/bootstrap_loader/BOOTSTRAP_LOADER_GLOSSARY_v1.md
./architecture/bootstrap_loader/BOOTSTRAP_LOADER_IMPLEMENTATION_PLAN_v1.md
./architecture/bootstrap_loader/BOOTSTRAP_LOADER_INTERFACE_v1.md
./architecture/bootstrap_loader/BOOTSTRAP_LOADER_LIFECYCLE_v1.md
./architecture/bootstrap_loader/BOOTSTRAP_LOADER_MODULES_v1.md
./architecture/bootstrap_loader/BOOTSTRAP_LOADER_OUTPUT_v1.md
./architecture/bootstrap_loader/BOOTSTRAP_LOADER_PSEUDOCODE_v1.md
./architecture/bootstrap_loader/BOOTSTRAP_LOADER_PYTHON_MAPPING_v1.md
./architecture/bootstrap_loader/BOOTSTRAP_LOADER_SEQUENCE_v1.md
./architecture/bootstrap_loader/BOOTSTRAP_LOADER_SPECIFICATION_v1.md
./architecture/bootstrap_loader/BOOTSTRAP_LOADER_STATE_MACHINE_v1.md
./architecture/bootstrap_loader/BOOTSTRAP_LOADER_TEST_PLAN_v1.md
./architecture/bootstrap_loader/BOOTSTRAP_LOADER_WORKFLOW_v1.md
./architecture/bootstrap_loader/README.md
./inventory/reconciliation/MISSION.md
./inventory/reports/MISSION_001A_REPOSITORY_RECONCILIATION_REPORT.md
./queue/completed/Q-001A-REPOSITORY-RECONCILIATION.md
./standards/v1/QUEUE_STANDARD_v1.0.md
./workspace/operational/bootstrap/BOOTSTRAP.md
./workspace/operational/bootstrap/INITIALIZATION_ORDER.md
./workspace/operational/current/COMPLETED_TASK_BLOCK.md
./workspace/operational/current/MISSION.md
./workspace/operational/current/NEXT_COMMAND_BLOCK.md
./workspace/operational/current/NEXT_MISSION.md
./workspace/operational/current/QUEUE.md
./workspace/operational/current/REPOSITORY_STATE.md
./workspace/operational/recovery/gpt-plus-integration/20260803T043919/bootstrap-audit/extracts/candidate-headings.txt
./workspace/operational/recovery/gpt-plus-integration/20260803T043919/bootstrap-audit/hashes/candidate-sha256.sorted.txt
./workspace/operational/recovery/gpt-plus-integration/20260803T043919/bootstrap-audit/hashes/candidate-sha256.txt
./workspace/operational/recovery/gpt-plus-integration/20260803T043919/bootstrap-audit/hashes/duplicate-hashes.txt
./workspace/operational/recovery/gpt-plus-integration/20260803T043919/bootstrap-audit/reports/candidate-metadata.txt
./workspace/operational/recovery/gpt-plus-integration/20260803T043919/bootstrap-audit/reports/exact-duplicates.txt
./workspace/operational/recovery/gpt-plus-integration/20260803T043919/bootstrap-diagnosis/extracts/bootstrap-documents.txt
./workspace/operational/recovery/gpt-plus-integration/20260803T043919/bootstrap-diagnosis/extracts/bootstrap-loader-source.txt
./workspace/operational/recovery/gpt-plus-integration/20260803T043919/bootstrap-diagnosis/reports/bootstrap-diagnosis.txt
./workspace/operational/recovery/gpt-plus-integration/20260803T043919/bootstrap-diagnosis/reports/direct-execution-error.txt
./workspace/operational/recovery/gpt-plus-integration/20260803T043919/bootstrap-diagnosis/reports/import-map.txt
./workspace/operational/recovery/gpt-plus-integration/20260803T043919/bootstrap-diagnosis/reports/incomplete-implementation.txt
./workspace/operational/recovery/gpt-plus-integration/20260803T043919/bootstrap-diagnosis/tests/bootstrap-loader-module.txt
./workspace/operational/recovery/gpt-plus-integration/20260803T043919/bootstrap-diagnosis/tests/bootstrap-loader-unittest.txt
./workspace/operational/recovery/gpt-plus-integration/20260803T043919/bootstrap-diagnosis/tests/compileall.txt
./workspace/operational/recovery/gpt-plus-integration/20260803T043919/bootstrap-discovery/extracts/bootstrap-complete-source.txt
./workspace/operational/recovery/gpt-plus-integration/20260803T043919/bootstrap-discovery/reports/bootstrap-discovery-report.txt
./workspace/operational/recovery/gpt-plus-integration/20260803T043919/bootstrap-discovery/reports/bootstrap-reference-map.txt
./workspace/operational/recovery/gpt-plus-integration/20260803T043919/bootstrap-discovery/reports/python-symbols.txt
./workspace/operational/recovery/gpt-plus-integration/20260803T043919/bootstrap-discovery/reports/test-reference-map.txt
./workspace/operational/recovery/gpt-plus-integration/20260803T043919/bootstrap-discovery/tests/unittest-discovery.txt
./workspace/operational/recovery/gpt-plus-integration/20260803T043919/bootstrap-patch/reports/bootstrap-patch-report.txt
./workspace/operational/recovery/gpt-plus-integration/20260803T043919/bootstrap-patch/tests/compileall.txt
./workspace/operational/recovery/gpt-plus-integration/20260803T043919/bootstrap-patch/tests/import-smoke.txt
./workspace/operational/recovery/gpt-plus-integration/20260803T043919/bootstrap-patch/tests/initialize-smoke.txt
./workspace/operational/recovery/gpt-plus-integration/20260803T043919/bootstrap-patch/tests/module-execution.txt
./workspace/operational/recovery/gpt-plus-integration/20260803T043919/bootstrap-patch/tests/package-execution.txt
./workspace/operational/recovery/gpt-plus-integration/20260803T043919/bootstrap-repair/extracts/current-source.txt
./workspace/operational/recovery/gpt-plus-integration/20260803T043919/bootstrap-repair/reports/interface-map.txt
./workspace/operational/recovery/gpt-plus-integration/20260803T043919/bootstrap-repair/reports/runtime-import-map.txt
./workspace/operational/recovery/gpt-plus-integration/20260803T043919/bootstrap-verification/extracts/bootstrap-primary-sources.txt
./workspace/operational/recovery/gpt-plus-integration/20260803T043919/bootstrap-verification/extracts/governance-primary-sources.txt
./workspace/operational/recovery/gpt-plus-integration/20260803T043919/bootstrap-verification/reports/bootstrap-execution-status.txt
./workspace/operational/recovery/gpt-plus-integration/20260803T043919/bootstrap-verification/tests/bootstrap-loader-direct.txt
./workspace/operational/recovery/gpt-plus-integration/20260803T043919/bootstrap-verification/tests/bootstrap-loader-pytest.txt
