./.gitinfo/README.md
./Repository/Governance/amendments.md
./Repository/Governance/bootstrap.md
./Repository/Governance/constitution.md
./ade/kernel/bootstrap_loader/__init__.py
./ade/kernel/bootstrap_loader/artifacts.py
./ade/kernel/bootstrap_loader/bootstrap.py
./ade/kernel/bootstrap_loader/config.py
./ade/kernel/bootstrap_loader/constants.py
./ade/kernel/bootstrap_loader/context.py
./ade/kernel/bootstrap_loader/contracts.py
./ade/kernel/bootstrap_loader/errors.py
./ade/kernel/bootstrap_loader/health.py
./ade/kernel/bootstrap_loader/loader.py
./ade/kernel/bootstrap_loader/logging.py
./ade/kernel/bootstrap_loader/main.py
./ade/kernel/bootstrap_loader/mission.py
./ade/kernel/bootstrap_loader/models.py
./ade/kernel/bootstrap_loader/modes.py
./ade/kernel/bootstrap_loader/queue.py
./ade/kernel/bootstrap_loader/recovery.py
./ade/kernel/bootstrap_loader/result.py
./ade/kernel/bootstrap_loader/state.py
./ade/kernel/bootstrap_loader/task.py
./ade/kernel/bootstrap_loader/validators.py
./ade/kernel/bootstrap_loader/version.py
./ade/kernel/tests/test_bootstrap_loader.py
./architecture/bootstrap_loader/BOOTSTRAP_LOADER_API_v1.md
./architecture/bootstrap_loader/BOOTSTRAP_LOADER_CONFIGURATION_v1.md
./architecture/bootstrap_loader/BOOTSTRAP_LOADER_CONTRACT_v1.md
./architecture/bootstrap_loader/BOOTSTRAP_LOADER_DEPENDENCIES_v1.md
./architecture/bootstrap_loader/BOOTSTRAP_LOADER_DISCOVERY_v1.md
./architecture/bootstrap_loader/BOOTSTRAP_LOADER_ERRORS_v1.md
./architecture/bootstrap_loader/BOOTSTRAP_LOADER_FILE_LAYOUT_v1.md
./architecture/bootstrap_loader/BOOTSTRAP_LOADER_GLOSSARY_v1.md
./architecture/bootstrap_loader/BOOTSTRAP_LOADER_IMPLEMENTATION_PLAN_v1.md
./architecture/bootstrap_loader/BOOTSTRAP_LOADER_INTERFACE_v1.md
./architecture/bootstrap_loader/BOOTSTRAP_LOADER_LIFECYCLE_v1.md
./architecture/bootstrap_loader/BOOTSTRAP_LOADER_MODULES_v1.md
./architecture/bootstrap_loader/BOOTSTRAP_LOADER_OUTPUT_v1.md
./architecture/bootstrap_loader/BOOTSTRAP_LOADER_PSEUDOCODE_v1.md
./architecture/bootstrap_loader/BOOTSTRAP_LOADER_PYTHON_MAPPING_v1.md
./architecture/bootstrap_loader/BOOTSTRAP_LOADER_SEQUENCE_v1.md
./architecture/bootstrap_loader/BOOTSTRAP_LOADER_SPECIFICATION_v1.md
./architecture/bootstrap_loader/BOOTSTRAP_LOADER_STATE_MACHINE_v1.md
./architecture/bootstrap_loader/BOOTSTRAP_LOADER_TEST_PLAN_v1.md
./architecture/bootstrap_loader/BOOTSTRAP_LOADER_WORKFLOW_v1.md
./architecture/bootstrap_loader/README.md
./inventory/reconciliation/RECONCILIATION_NEXT_ACTIONS.md
./inventory/reconciliation/TREE_SNAPSHOT.txt
./workspace/operational/bootstrap/BOOTSTRAP.md
./workspace/operational/bootstrap/INITIALIZATION_ORDER.md
./workspace/operational/current/COMPLETED_TASK_BLOCK.md
./workspace/operational/current/QUEUE.md
./workspace/operational/current/RESUME.md
./workspace/operational/preservation/PP-0001.md
./workspace/operational/recovery/gpt-plus-integration/20260803T043919/bootstrap-audit/extracts/candidate-headings.txt
./workspace/operational/recovery/gpt-plus-integration/20260803T043919/bootstrap-audit/hashes/candidate-sha256.sorted.txt
./workspace/operational/recovery/gpt-plus-integration/20260803T043919/bootstrap-audit/hashes/candidate-sha256.txt
./workspace/operational/recovery/gpt-plus-integration/20260803T043919/bootstrap-audit/reports/candidate-metadata.txt
./workspace/operational/recovery/gpt-plus-integration/20260803T043919/bootstrap-audit/reports/exact-duplicates.txt
./workspace/operational/recovery/gpt-plus-integration/20260803T043919/hashes/repository-sha256.txt
./workspace/operational/recovery/gpt-plus-integration/20260803T043919/logs/batch-1-summary.txt
./workspace/operational/recovery/gpt-plus-integration/20260803T043919/logs/batch-2-summary.txt
./workspace/operational/recovery/gpt-plus-integration/20260803T043919/reports/largest-files.txt
./workspace/operational/recovery/gpt-plus-integration/20260803T043919/reports/top-level-sizes.txt
