/storage/emulated/0/DifferenceEngine
/storage/emulated/0/DifferenceEngine/.meta
/storage/emulated/0/DifferenceEngine/MemoryPalace
/storage/emulated/0/DifferenceEngine/Phylactery
/storage/emulated/0/DifferenceEngine/Repository
/storage/emulated/0/DifferenceEngine/Repository/Entities
/storage/emulated/0/DifferenceEngine/Repository/Governance
/storage/emulated/0/DifferenceEngine/Repository/Observations
/storage/emulated/0/DifferenceEngine/Repository/Patterns
/storage/emulated/0/DifferenceEngine/Repository/Preservation
/storage/emulated/0/DifferenceEngine/Repository/Publications
/storage/emulated/0/DifferenceEngine/Repository/Relationships
/storage/emulated/0/DifferenceEngine/Repository/Specifications
/storage/emulated/0/DifferenceEngine/Repository/Validation
/storage/emulated/0/DifferenceEngine/ade
/storage/emulated/0/DifferenceEngine/ade/cli
/storage/emulated/0/DifferenceEngine/ade/distribution
/storage/emulated/0/DifferenceEngine/ade/ingestion
/storage/emulated/0/DifferenceEngine/ade/kernel
/storage/emulated/0/DifferenceEngine/ade/kernel/bootstrap_loader
/storage/emulated/0/DifferenceEngine/ade/kernel/bootstrap_loader/__pycache__
/storage/emulated/0/DifferenceEngine/ade/kernel/tests
/storage/emulated/0/DifferenceEngine/ade/kernel/tests/__pycache__
/storage/emulated/0/DifferenceEngine/ade/objects
/storage/emulated/0/DifferenceEngine/ade/publication
/storage/emulated/0/DifferenceEngine/ade/schema
/storage/emulated/0/DifferenceEngine/ade/services
/storage/emulated/0/DifferenceEngine/ade/tests
/storage/emulated/0/DifferenceEngine/ade/validation
/storage/emulated/0/DifferenceEngine/ade/workflows
/storage/emulated/0/DifferenceEngine/architecture
/storage/emulated/0/DifferenceEngine/architecture/artifacterator
/storage/emulated/0/DifferenceEngine/architecture/bootstrap_loader
/storage/emulated/0/DifferenceEngine/architecture/formatter
/storage/emulated/0/DifferenceEngine/architecture/parser
/storage/emulated/0/DifferenceEngine/archives
/storage/emulated/0/DifferenceEngine/docs
/storage/emulated/0/DifferenceEngine/evidence
/storage/emulated/0/DifferenceEngine/inventory
/storage/emulated/0/DifferenceEngine/inventory/history
/storage/emulated/0/DifferenceEngine/inventory/reconciliation
/storage/emulated/0/DifferenceEngine/inventory/reports
/storage/emulated/0/DifferenceEngine/logs
/storage/emulated/0/DifferenceEngine/logs/operations
/storage/emulated/0/DifferenceEngine/logs/reconciliation
/storage/emulated/0/DifferenceEngine/logs/sessions
/storage/emulated/0/DifferenceEngine/queue
/storage/emulated/0/DifferenceEngine/queue/active
/storage/emulated/0/DifferenceEngine/queue/archive
/storage/emulated/0/DifferenceEngine/queue/blocked
/storage/emulated/0/DifferenceEngine/queue/completed
/storage/emulated/0/DifferenceEngine/queue/discussion
/storage/emulated/0/DifferenceEngine/queue/implementation
/storage/emulated/0/DifferenceEngine/queue/ingestion
/storage/emulated/0/DifferenceEngine/queue/research
/storage/emulated/0/DifferenceEngine/queue/review
/storage/emulated/0/DifferenceEngine/queue/roadmap
/storage/emulated/0/DifferenceEngine/queue/someday
/storage/emulated/0/DifferenceEngine/scripts
/storage/emulated/0/DifferenceEngine/scripts/lib
/storage/emulated/0/DifferenceEngine/scripts/reconciliation
/storage/emulated/0/DifferenceEngine/specifications
/storage/emulated/0/DifferenceEngine/specifications/artifacts
/storage/emulated/0/DifferenceEngine/specifications/parser
/storage/emulated/0/DifferenceEngine/specifications/repository
/storage/emulated/0/DifferenceEngine/standards
/storage/emulated/0/DifferenceEngine/standards/v1
/storage/emulated/0/DifferenceEngine/standards/v1/supporting
/storage/emulated/0/DifferenceEngine/standards/vi
/storage/emulated/0/DifferenceEngine/stewards
/storage/emulated/0/DifferenceEngine/tools
/storage/emulated/0/DifferenceEngine/workspace
/storage/emulated/0/DifferenceEngine/workspace/operational
/storage/emulated/0/DifferenceEngine/workspace/operational/bootstrap
/storage/emulated/0/DifferenceEngine/workspace/operational/current
/storage/emulated/0/DifferenceEngine/workspace/operational/history
/storage/emulated/0/DifferenceEngine/workspace/operational/preservation
/storage/emulated/0/DifferenceEngine/{
